
Allocating common symbols
Common symbol       size              file

mem_para_info       0xd0              arch/arm/mach-sunxi/pm/standby/super/resume/resume1_c_part.o
saved_context_r13_irq
                    0x8               arch/arm/mach-sunxi/pm/standby/../mem_cpu.o
saved_context_r12_svc
                    0x8               arch/arm/mach-sunxi/pm/standby/../mem_cpu.o
saved_spsr_fiq      0x4               arch/arm/mach-sunxi/pm/standby/../mem_cpu.o
saved_spsr_und      0x4               arch/arm/mach-sunxi/pm/standby/../mem_cpu.o
saved_spsr_irq      0x4               arch/arm/mach-sunxi/pm/standby/../mem_cpu.o
saved_context_r13_abt
                    0x8               arch/arm/mach-sunxi/pm/standby/../mem_cpu.o
saved_spsr_mon      0x4               arch/arm/mach-sunxi/pm/standby/../mem_cpu.o
saved_empty_context_svc
                    0xb0              arch/arm/mach-sunxi/pm/standby/../mem_cpu.o
saved_context_r13_fiq
                    0x1c              arch/arm/mach-sunxi/pm/standby/../mem_cpu.o
saved_cpsr_svc      0x4               arch/arm/mach-sunxi/pm/standby/../mem_cpu.o
saved_context_r13_sys
                    0x8               arch/arm/mach-sunxi/pm/standby/../mem_cpu.o
saved_spsr_abt      0x4               arch/arm/mach-sunxi/pm/standby/../mem_cpu.o
saved_context_r13_mon
                    0x8               arch/arm/mach-sunxi/pm/standby/../mem_cpu.o
func_entry          0x4               arch/arm/mach-sunxi/pm/standby/super/resume/resume1_c_part.o
saved_spsr_svc      0x4               arch/arm/mach-sunxi/pm/standby/../mem_cpu.o
saved_context_r13_und
                    0x8               arch/arm/mach-sunxi/pm/standby/../mem_cpu.o

Memory Configuration

Name             Origin             Length             Attributes
*default*        0x0000000000000000 0xffffffffffffffff

Linker script and memory map

                0x0000000000000000                __resume1_start = .

.text           0x0000000000000000     0x2c0c
 arch/arm/mach-sunxi/pm/standby/super/resume/resume_head.o(.rodata)
 .rodata        0x0000000000000000       0x30 arch/arm/mach-sunxi/pm/standby/super/resume/resume_head.o
                0x0000000000000000                resume_head
 arch/arm/mach-sunxi/pm/standby/super/resume/resume1.o(.text)
 .text          0x0000000000000030       0xb0 arch/arm/mach-sunxi/pm/standby/super/resume/resume1.o
                0x0000000000000030                _start
 *(.text)
 .text          0x00000000000000e0        0x0 arch/arm/mach-sunxi/pm/standby/super/resume/resume_head.o
 .text          0x00000000000000e0       0x2c arch/arm/mach-sunxi/pm/standby/super/common.o
                0x00000000000000e0                mem_memcpy
 .text          0x000000000000010c        0x0 arch/arm/mach-sunxi/pm/standby/super/super_twi.o
 .text          0x000000000000010c       0x28 arch/arm/mach-sunxi/pm/standby/super/super_delay.o
                0x000000000000010c                mem_delay
 .text          0x0000000000000134        0x0 arch/arm/mach-sunxi/pm/standby/super/super_clock.o
 .text          0x0000000000000134        0x0 arch/arm/mach-sunxi/pm/standby/super/super_power.o
 .text          0x0000000000000134        0x0 arch/arm/mach-sunxi/pm/standby/super/super_cpus.o
 .text          0x0000000000000134      0x2c0 arch/arm/mach-sunxi/pm/standby/super/resume/resume1_c_part.o
                0x0000000000000134                resume1_c_part
                0x0000000000000280                set_pll
 .text          0x00000000000003f4      0x178 arch/arm/mach-sunxi/pm/standby/../pm_debug.o
                0x00000000000003f4                busy_waiting
                0x0000000000000414                save_mem_flag
                0x0000000000000418                clear_mem_flag
                0x000000000000041c                mem_status_init
                0x0000000000000420                mem_status_init_nommu
                0x0000000000000424                mem_status_clear
                0x0000000000000444                mem_status_exit
                0x0000000000000448                save_mem_status
                0x0000000000000470                get_mem_status
                0x0000000000000480                show_mem_status
                0x00000000000004b8                save_mem_status_nommu
                0x00000000000004d4                save_cpux_mem_status_nommu
                0x00000000000004f0                io_init
                0x0000000000000508                io_init_high
                0x0000000000000520                io_init_low
                0x0000000000000538                io_high
 .text          0x000000000000056c      0x200 arch/arm/mach-sunxi/pm/standby/../mem_timing.o
                0x000000000000056c                init_perfcounters
                0x00000000000005a0                backup_perfcounter
                0x00000000000005bc                restore_perfcounter
                0x00000000000005d8                get_cyclecount
                0x00000000000005e0                reset_counter
                0x00000000000005f0                change_runtime_env
                0x0000000000000620                delay_us
                0x00000000000006b4                delay_ms
                0x00000000000006e8                init_event_counter
                0x0000000000000714                set_event_counter
                0x0000000000000740                get_event_counter
 *fill*         0x000000000000076c       0x14 
 .text          0x0000000000000780       0xe0 arch/arm/mach-sunxi/pm/standby/../mem_mmu_pc.o
                0x0000000000000780                save_mmu_state
                0x00000000000007bc                restore_secure_mmu_state
                0x0000000000000808                restore_mmu_state
 .text          0x0000000000000860      0x550 arch/arm/mach-sunxi/pm/standby/../mem_mmu_pc_asm.o
                0x0000000000000860                save_sp
                0x000000000000086c                save_sp_nommu
                0x0000000000000878                restore_sp
                0x0000000000000880                get_sp
                0x0000000000000890                get_cur_cluster_id
                0x00000000000008a0                invalidate_dcache
                0x0000000000000934                invalidate_icache
                0x000000000000094c                flush_dcache
                0x00000000000009e8                flush_icache
                0x0000000000000a0c                disable_cache
                0x0000000000000a2c                disable_dcache
                0x0000000000000a48                disable_icache
                0x0000000000000a64                disable_l2cache
                0x0000000000000a80                enable_cache
                0x0000000000000aa0                enable_icache
                0x0000000000000abc                invalidate_branch_predictor
                0x0000000000000ad4                disable_program_flow_prediction
                0x0000000000000af0                enable_program_flow_prediction
                0x0000000000000b0c                mem_flush_tlb
                0x0000000000000b30                mem_preload_tlb
                0x0000000000000c3c                disable_mmu
                0x0000000000000c74                enable_mmu
                0x0000000000000cb4                jump_to_suspend
                0x0000000000000cd0                jump_to_resume
                0x0000000000000cf0                jump_to_resume0
                0x0000000000000d00                jump_to_resume0_nommu
 .text          0x0000000000000db0      0x7ac arch/arm/mach-sunxi/pm/standby/../mem_cpu.o
                0x0000000000000db0                __save_processor_state
                0x00000000000011b4                __restore_processor_state
                0x0000000000001478                disable_cache_invalidate
                0x0000000000001490                set_copro_default
                0x0000000000001520                save_processor_state
                0x000000000000152c                restore_processor_state
                0x0000000000001538                restore_processor_ttbr0
                0x000000000000154c                set_ttbr0
 .text          0x000000000000155c      0x4c8 arch/arm/mach-sunxi/pm/standby/../mem_serial.o
                0x0000000000001608                serial_exit
                0x000000000000163c                serial_init_nommu
                0x00000000000016dc                serial_puts_nommu
                0x0000000000001784                serial_gets_nommu
                0x0000000000001818                serial_init_manager
                0x000000000000182c                serial_exit_manager
                0x0000000000001840                serial_init
                0x00000000000018e8                serial_puts
                0x0000000000001990                serial_gets
 .text          0x0000000000001a24      0x850 arch/arm/mach-sunxi/pm/standby/../mem_printk.o
                0x0000000000001c7c                printk
                0x0000000000001f78                printk_nommu
 .text          0x0000000000002274      0x1dc arch/arm/mach-sunxi/pm/standby/../mem_divlib.o
                0x0000000000002274                standby_delay
                0x000000000000229c                standby_delay_cycle
                0x00000000000022a8                Ldiv0
                0x00000000000022b8                __aeabi_uidiv
                0x0000000000002354                __aeabi_idiv
                0x0000000000002420                __aeabi_uidivmod
                0x0000000000002438                __aeabi_idivmod
 .text          0x0000000000002450       0x60 arch/arm/mach-sunxi/pm/standby/../mem_divlibc.o
                0x0000000000002450                __mem_div0
                0x000000000000245c                raw_lib_udiv
 .text          0x00000000000024b0      0x180 arch/arm/mach-sunxi/pm/standby/../mem_int.o
                0x00000000000024b0                mem_int_init
                0x0000000000002540                mem_int_exit
                0x0000000000002590                mem_enable_int
                0x00000000000025dc                mem_query_int
 .text          0x0000000000002630       0x58 arch/arm/mach-sunxi/pm/standby/../mem_gpio.o
                0x0000000000002630                mem_gpio_save
                0x000000000000265c                mem_gpio_restore
 .text          0x0000000000002688      0x1e0 arch/arm/mach-sunxi/pm/standby/../mem_tmr.o
                0x0000000000002688                mem_tmr_save
                0x00000000000026e0                mem_tmr_restore
                0x0000000000002730                mem_tmr_init
                0x0000000000002764                mem_tmr_exit
                0x000000000000278c                mem_tmr_enable_watchdog
                0x00000000000027d4                mem_tmr_disable_watchdog
                0x0000000000002814                mem_tmr_set
 .text          0x0000000000002868        0x0 arch/arm/mach-sunxi/pm/standby/../mem_tmstmp.o
 .text          0x0000000000002868        0x0 arch/arm/mach-sunxi/pm/standby/../mem_hwspinlock.o
 .text          0x0000000000002868      0x3a4 arch/arm/mach-sunxi/pm/standby/../mem_clk.o
                0x0000000000002868                mem_clk_init
                0x0000000000002898                mem_get_ba
                0x00000000000028a8                mem_clk_save
                0x00000000000028e4                mem_clk_restore
                0x0000000000002918                mem_clk_setdiv
                0x0000000000002994                mem_clk_getdiv
                0x00000000000029dc                mem_clk_set_pll_factor
                0x0000000000002a48                mem_clk_get_pll_factor
                0x0000000000002a98                mem_clk_set_misc
                0x0000000000002b30                mem_clk_get_misc
                0x0000000000002b90                mem_clk_get_cpu_freq

.glue_7         0x0000000000002c0c        0x0
 .glue_7        0x0000000000002c0c        0x0 linker stubs

.glue_7t        0x0000000000002c0c        0x0
 .glue_7t       0x0000000000002c0c        0x0 linker stubs

.vfp11_veneer   0x0000000000002c0c        0x0
 .vfp11_veneer  0x0000000000002c0c        0x0 linker stubs

.v4_bx          0x0000000000002c0c        0x0
 .v4_bx         0x0000000000002c0c        0x0 linker stubs

.iplt           0x0000000000002c0c        0x0
 .iplt          0x0000000000002c0c        0x0 arch/arm/mach-sunxi/pm/standby/super/resume/resume_head.o

.rodata         0x0000000000002c0c       0x1c
 *(.rodata)
 .rodata        0x0000000000002c0c       0x10 arch/arm/mach-sunxi/pm/standby/../mem_timing.o
 .rodata        0x0000000000002c1c        0xc arch/arm/mach-sunxi/pm/standby/../mem_serial.o

.rodata.str1.4  0x0000000000002c28      0x180
 .rodata.str1.4
                0x0000000000002c28      0x106 arch/arm/mach-sunxi/pm/standby/super/resume/resume1_c_part.o
 *fill*         0x0000000000002d2e        0x2 
 .rodata.str1.4
                0x0000000000002d30       0x17 arch/arm/mach-sunxi/pm/standby/../pm_debug.o
 *fill*         0x0000000000002d47        0x1 
 .rodata.str1.4
                0x0000000000002d48       0x25 arch/arm/mach-sunxi/pm/standby/../mem_printk.o
 *fill*         0x0000000000002d6d        0x3 
 .rodata.str1.4
                0x0000000000002d70       0x1a arch/arm/mach-sunxi/pm/standby/../mem_divlibc.o
 *fill*         0x0000000000002d8a        0x2 
 .rodata.str1.4
                0x0000000000002d8c       0x1c arch/arm/mach-sunxi/pm/standby/../mem_int.o
                                         0x1b (size before relaxing)

.rel.dyn        0x0000000000002da8        0x0
 .rel.iplt      0x0000000000002da8        0x0 arch/arm/mach-sunxi/pm/standby/super/resume/resume_head.o

.data           0x0000000000002da8        0x4
 *(.data)
 .data          0x0000000000002da8        0x0 arch/arm/mach-sunxi/pm/standby/super/resume/resume_head.o
 .data          0x0000000000002da8        0x0 arch/arm/mach-sunxi/pm/standby/super/resume/resume1.o
 .data          0x0000000000002da8        0x0 arch/arm/mach-sunxi/pm/standby/super/common.o
 .data          0x0000000000002da8        0x0 arch/arm/mach-sunxi/pm/standby/super/super_twi.o
 .data          0x0000000000002da8        0x0 arch/arm/mach-sunxi/pm/standby/super/super_delay.o
 .data          0x0000000000002da8        0x0 arch/arm/mach-sunxi/pm/standby/super/super_clock.o
 .data          0x0000000000002da8        0x0 arch/arm/mach-sunxi/pm/standby/super/super_power.o
 .data          0x0000000000002da8        0x0 arch/arm/mach-sunxi/pm/standby/super/super_cpus.o
 .data          0x0000000000002da8        0x4 arch/arm/mach-sunxi/pm/standby/super/resume/resume1_c_part.o
 .data          0x0000000000002dac        0x0 arch/arm/mach-sunxi/pm/standby/../pm_debug.o
 .data          0x0000000000002dac        0x0 arch/arm/mach-sunxi/pm/standby/../mem_timing.o
 .data          0x0000000000002dac        0x0 arch/arm/mach-sunxi/pm/standby/../mem_mmu_pc.o
 .data          0x0000000000002dac        0x0 arch/arm/mach-sunxi/pm/standby/../mem_mmu_pc_asm.o
 .data          0x0000000000002dac        0x0 arch/arm/mach-sunxi/pm/standby/../mem_cpu.o
 .data          0x0000000000002dac        0x0 arch/arm/mach-sunxi/pm/standby/../mem_serial.o
 .data          0x0000000000002dac        0x0 arch/arm/mach-sunxi/pm/standby/../mem_printk.o
 .data          0x0000000000002dac        0x0 arch/arm/mach-sunxi/pm/standby/../mem_divlib.o
 .data          0x0000000000002dac        0x0 arch/arm/mach-sunxi/pm/standby/../mem_divlibc.o
 .data          0x0000000000002dac        0x0 arch/arm/mach-sunxi/pm/standby/../mem_int.o
 .data          0x0000000000002dac        0x0 arch/arm/mach-sunxi/pm/standby/../mem_gpio.o
 .data          0x0000000000002dac        0x0 arch/arm/mach-sunxi/pm/standby/../mem_tmr.o
 .data          0x0000000000002dac        0x0 arch/arm/mach-sunxi/pm/standby/../mem_tmstmp.o
 .data          0x0000000000002dac        0x0 arch/arm/mach-sunxi/pm/standby/../mem_hwspinlock.o
 .data          0x0000000000002dac        0x0 arch/arm/mach-sunxi/pm/standby/../mem_clk.o
                0x0000000000002dac                __bss_start = .

.igot.plt       0x0000000000002dac        0x0
 .igot.plt      0x0000000000002dac        0x0 arch/arm/mach-sunxi/pm/standby/super/resume/resume_head.o

.bss            0x0000000000002dac      0x3d0
 *(.sbss)
 *(.scommon)
 *(.bss)
 .bss           0x0000000000002dac        0x0 arch/arm/mach-sunxi/pm/standby/super/resume/resume_head.o
 .bss           0x0000000000002dac        0x0 arch/arm/mach-sunxi/pm/standby/super/resume/resume1.o
 .bss           0x0000000000002dac        0x0 arch/arm/mach-sunxi/pm/standby/super/common.o
 .bss           0x0000000000002dac        0x0 arch/arm/mach-sunxi/pm/standby/super/super_twi.o
 .bss           0x0000000000002dac        0x0 arch/arm/mach-sunxi/pm/standby/super/super_delay.o
 .bss           0x0000000000002dac        0x0 arch/arm/mach-sunxi/pm/standby/super/super_clock.o
 .bss           0x0000000000002dac        0x0 arch/arm/mach-sunxi/pm/standby/super/super_power.o
 .bss           0x0000000000002dac        0x0 arch/arm/mach-sunxi/pm/standby/super/super_cpus.o
 .bss           0x0000000000002dac        0x0 arch/arm/mach-sunxi/pm/standby/super/resume/resume1_c_part.o
 .bss           0x0000000000002dac        0x4 arch/arm/mach-sunxi/pm/standby/../pm_debug.o
                0x0000000000002dac                print_flag
 .bss           0x0000000000002db0       0x10 arch/arm/mach-sunxi/pm/standby/../mem_timing.o
 .bss           0x0000000000002dc0        0x0 arch/arm/mach-sunxi/pm/standby/../mem_mmu_pc.o
 .bss           0x0000000000002dc0        0x0 arch/arm/mach-sunxi/pm/standby/../mem_mmu_pc_asm.o
 .bss           0x0000000000002dc0       0xa0 arch/arm/mach-sunxi/pm/standby/../mem_cpu.o
 .bss           0x0000000000002e60       0x10 arch/arm/mach-sunxi/pm/standby/../mem_serial.o
 .bss           0x0000000000002e70      0x100 arch/arm/mach-sunxi/pm/standby/../mem_printk.o
 .bss           0x0000000000002f70        0x0 arch/arm/mach-sunxi/pm/standby/../mem_divlib.o
 .bss           0x0000000000002f70        0x0 arch/arm/mach-sunxi/pm/standby/../mem_divlibc.o
 .bss           0x0000000000002f70        0x4 arch/arm/mach-sunxi/pm/standby/../mem_int.o
 .bss           0x0000000000002f74        0x0 arch/arm/mach-sunxi/pm/standby/../mem_gpio.o
 .bss           0x0000000000002f74       0x10 arch/arm/mach-sunxi/pm/standby/../mem_tmr.o
 .bss           0x0000000000002f84        0x0 arch/arm/mach-sunxi/pm/standby/../mem_tmstmp.o
 .bss           0x0000000000002f84        0x0 arch/arm/mach-sunxi/pm/standby/../mem_hwspinlock.o
 .bss           0x0000000000002f84        0xc arch/arm/mach-sunxi/pm/standby/../mem_clk.o
 *(COMMON)
 COMMON         0x0000000000002f90       0xd4 arch/arm/mach-sunxi/pm/standby/super/resume/resume1_c_part.o
                0x0000000000002f90                mem_para_info
                0x0000000000003060                func_entry
 COMMON         0x0000000000003064      0x118 arch/arm/mach-sunxi/pm/standby/../mem_cpu.o
                0x0000000000003064                saved_context_r13_irq
                0x000000000000306c                saved_context_r12_svc
                0x0000000000003074                saved_spsr_fiq
                0x0000000000003078                saved_spsr_und
                0x000000000000307c                saved_spsr_irq
                0x0000000000003080                saved_context_r13_abt
                0x0000000000003088                saved_spsr_mon
                0x000000000000308c                saved_empty_context_svc
                0x000000000000313c                saved_context_r13_fiq
                0x0000000000003158                saved_cpsr_svc
                0x000000000000315c                saved_context_r13_sys
                0x0000000000003164                saved_spsr_abt
                0x0000000000003168                saved_context_r13_mon
                0x0000000000003170                saved_spsr_svc
                0x0000000000003174                saved_context_r13_und
                0x000000000000317c                __bss_end = .
                0x000000000000317c                __resume1_end = .
LOAD arch/arm/mach-sunxi/pm/standby/super/common.o
LOAD arch/arm/mach-sunxi/pm/standby/super/super_twi.o
LOAD arch/arm/mach-sunxi/pm/standby/super/super_delay.o
LOAD arch/arm/mach-sunxi/pm/standby/super/super_clock.o
LOAD arch/arm/mach-sunxi/pm/standby/super/super_power.o
LOAD arch/arm/mach-sunxi/pm/standby/super/super_cpus.o
LOAD arch/arm/mach-sunxi/pm/standby/super/resume/resume1.o
LOAD arch/arm/mach-sunxi/pm/standby/super/resume/resume_head.o
LOAD arch/arm/mach-sunxi/pm/standby/super/resume/resume1_c_part.o
LOAD arch/arm/mach-sunxi/pm/standby/../pm_debug.o
LOAD arch/arm/mach-sunxi/pm/standby/../mem_timing.o
LOAD arch/arm/mach-sunxi/pm/standby/../mem_mmu_pc.o
LOAD arch/arm/mach-sunxi/pm/standby/../mem_mmu_pc_asm.o
LOAD arch/arm/mach-sunxi/pm/standby/../mem_cpu.o
LOAD arch/arm/mach-sunxi/pm/standby/../mem_serial.o
LOAD arch/arm/mach-sunxi/pm/standby/../mem_printk.o
LOAD arch/arm/mach-sunxi/pm/standby/../mem_divlib.o
LOAD arch/arm/mach-sunxi/pm/standby/../mem_divlibc.o
LOAD arch/arm/mach-sunxi/pm/standby/../mem_int.o
LOAD arch/arm/mach-sunxi/pm/standby/../mem_gpio.o
LOAD arch/arm/mach-sunxi/pm/standby/../mem_tmr.o
LOAD arch/arm/mach-sunxi/pm/standby/../mem_tmstmp.o
LOAD arch/arm/mach-sunxi/pm/standby/../mem_hwspinlock.o
LOAD arch/arm/mach-sunxi/pm/standby/../mem_clk.o
OUTPUT(arch/arm/mach-sunxi/pm/standby/resume1.elf elf32-littlearm)

.debug_info     0x0000000000000000     0x6bd5
 .debug_info    0x0000000000000000      0x1c0 arch/arm/mach-sunxi/pm/standby/super/resume/resume_head.o
 .debug_info    0x00000000000001c0       0x8d arch/arm/mach-sunxi/pm/standby/super/resume/resume1.o
 .debug_info    0x000000000000024d       0xd6 arch/arm/mach-sunxi/pm/standby/super/common.o
 .debug_info    0x0000000000000323       0x6b arch/arm/mach-sunxi/pm/standby/super/super_twi.o
 .debug_info    0x000000000000038e       0x8a arch/arm/mach-sunxi/pm/standby/super/super_delay.o
 .debug_info    0x0000000000000418       0x6b arch/arm/mach-sunxi/pm/standby/super/super_clock.o
 .debug_info    0x0000000000000483       0x6b arch/arm/mach-sunxi/pm/standby/super/super_power.o
 .debug_info    0x00000000000004ee       0x6b arch/arm/mach-sunxi/pm/standby/super/super_cpus.o
 .debug_info    0x0000000000000559     0x17c9 arch/arm/mach-sunxi/pm/standby/super/resume/resume1_c_part.o
 .debug_info    0x0000000000001d22      0x2f6 arch/arm/mach-sunxi/pm/standby/../pm_debug.o
 .debug_info    0x0000000000002018      0x521 arch/arm/mach-sunxi/pm/standby/../mem_timing.o
 .debug_info    0x0000000000002539      0x161 arch/arm/mach-sunxi/pm/standby/../mem_mmu_pc.o
 .debug_info    0x000000000000269a       0x8a arch/arm/mach-sunxi/pm/standby/../mem_mmu_pc_asm.o
 .debug_info    0x0000000000002724      0x616 arch/arm/mach-sunxi/pm/standby/../mem_cpu.o
 .debug_info    0x0000000000002d3a     0x1610 arch/arm/mach-sunxi/pm/standby/../mem_serial.o
 .debug_info    0x000000000000434a      0x99e arch/arm/mach-sunxi/pm/standby/../mem_printk.o
 .debug_info    0x0000000000004ce8       0x86 arch/arm/mach-sunxi/pm/standby/../mem_divlib.o
 .debug_info    0x0000000000004d6e      0x122 arch/arm/mach-sunxi/pm/standby/../mem_divlibc.o
 .debug_info    0x0000000000004e90      0x2ff arch/arm/mach-sunxi/pm/standby/../mem_int.o
 .debug_info    0x000000000000518f      0x121 arch/arm/mach-sunxi/pm/standby/../mem_gpio.o
 .debug_info    0x00000000000052b0      0x44b arch/arm/mach-sunxi/pm/standby/../mem_tmr.o
 .debug_info    0x00000000000056fb       0x6b arch/arm/mach-sunxi/pm/standby/../mem_tmstmp.o
 .debug_info    0x0000000000005766       0x6b arch/arm/mach-sunxi/pm/standby/../mem_hwspinlock.o
 .debug_info    0x00000000000057d1     0x1404 arch/arm/mach-sunxi/pm/standby/../mem_clk.o

.debug_abbrev   0x0000000000000000     0x1550
 .debug_abbrev  0x0000000000000000       0x95 arch/arm/mach-sunxi/pm/standby/super/resume/resume_head.o
 .debug_abbrev  0x0000000000000095       0x14 arch/arm/mach-sunxi/pm/standby/super/resume/resume1.o
 .debug_abbrev  0x00000000000000a9       0x7f arch/arm/mach-sunxi/pm/standby/super/common.o
 .debug_abbrev  0x0000000000000128       0x26 arch/arm/mach-sunxi/pm/standby/super/super_twi.o
 .debug_abbrev  0x000000000000014e       0x14 arch/arm/mach-sunxi/pm/standby/super/super_delay.o
 .debug_abbrev  0x0000000000000162       0x26 arch/arm/mach-sunxi/pm/standby/super/super_clock.o
 .debug_abbrev  0x0000000000000188       0x26 arch/arm/mach-sunxi/pm/standby/super/super_power.o
 .debug_abbrev  0x00000000000001ae       0x26 arch/arm/mach-sunxi/pm/standby/super/super_cpus.o
 .debug_abbrev  0x00000000000001d4      0x23e arch/arm/mach-sunxi/pm/standby/super/resume/resume1_c_part.o
 .debug_abbrev  0x0000000000000412      0x163 arch/arm/mach-sunxi/pm/standby/../pm_debug.o
 .debug_abbrev  0x0000000000000575      0x20f arch/arm/mach-sunxi/pm/standby/../mem_timing.o
 .debug_abbrev  0x0000000000000784       0xae arch/arm/mach-sunxi/pm/standby/../mem_mmu_pc.o
 .debug_abbrev  0x0000000000000832       0x14 arch/arm/mach-sunxi/pm/standby/../mem_mmu_pc_asm.o
 .debug_abbrev  0x0000000000000846      0x171 arch/arm/mach-sunxi/pm/standby/../mem_cpu.o
 .debug_abbrev  0x00000000000009b7      0x36d arch/arm/mach-sunxi/pm/standby/../mem_serial.o
 .debug_abbrev  0x0000000000000d24      0x264 arch/arm/mach-sunxi/pm/standby/../mem_printk.o
 .debug_abbrev  0x0000000000000f88       0x14 arch/arm/mach-sunxi/pm/standby/../mem_divlib.o
 .debug_abbrev  0x0000000000000f9c       0xb6 arch/arm/mach-sunxi/pm/standby/../mem_divlibc.o
 .debug_abbrev  0x0000000000001052       0xec arch/arm/mach-sunxi/pm/standby/../mem_int.o
 .debug_abbrev  0x000000000000113e       0xc4 arch/arm/mach-sunxi/pm/standby/../mem_gpio.o
 .debug_abbrev  0x0000000000001202       0xfd arch/arm/mach-sunxi/pm/standby/../mem_tmr.o
 .debug_abbrev  0x00000000000012ff       0x26 arch/arm/mach-sunxi/pm/standby/../mem_tmstmp.o
 .debug_abbrev  0x0000000000001325       0x26 arch/arm/mach-sunxi/pm/standby/../mem_hwspinlock.o
 .debug_abbrev  0x000000000000134b      0x205 arch/arm/mach-sunxi/pm/standby/../mem_clk.o

.debug_aranges  0x0000000000000000      0x2c8
 .debug_aranges
                0x0000000000000000       0x18 arch/arm/mach-sunxi/pm/standby/super/resume/resume_head.o
 .debug_aranges
                0x0000000000000018       0x20 arch/arm/mach-sunxi/pm/standby/super/resume/resume1.o
 .debug_aranges
                0x0000000000000038       0x20 arch/arm/mach-sunxi/pm/standby/super/common.o
 .debug_aranges
                0x0000000000000058       0x18 arch/arm/mach-sunxi/pm/standby/super/super_twi.o
 .debug_aranges
                0x0000000000000070       0x20 arch/arm/mach-sunxi/pm/standby/super/super_delay.o
 .debug_aranges
                0x0000000000000090       0x18 arch/arm/mach-sunxi/pm/standby/super/super_clock.o
 .debug_aranges
                0x00000000000000a8       0x18 arch/arm/mach-sunxi/pm/standby/super/super_power.o
 .debug_aranges
                0x00000000000000c0       0x18 arch/arm/mach-sunxi/pm/standby/super/super_cpus.o
 .debug_aranges
                0x00000000000000d8       0x20 arch/arm/mach-sunxi/pm/standby/super/resume/resume1_c_part.o
 .debug_aranges
                0x00000000000000f8       0x20 arch/arm/mach-sunxi/pm/standby/../pm_debug.o
 .debug_aranges
                0x0000000000000118       0x20 arch/arm/mach-sunxi/pm/standby/../mem_timing.o
 .debug_aranges
                0x0000000000000138       0x20 arch/arm/mach-sunxi/pm/standby/../mem_mmu_pc.o
 .debug_aranges
                0x0000000000000158       0x20 arch/arm/mach-sunxi/pm/standby/../mem_mmu_pc_asm.o
 .debug_aranges
                0x0000000000000178       0x20 arch/arm/mach-sunxi/pm/standby/../mem_cpu.o
 .debug_aranges
                0x0000000000000198       0x20 arch/arm/mach-sunxi/pm/standby/../mem_serial.o
 .debug_aranges
                0x00000000000001b8       0x20 arch/arm/mach-sunxi/pm/standby/../mem_printk.o
 .debug_aranges
                0x00000000000001d8       0x20 arch/arm/mach-sunxi/pm/standby/../mem_divlib.o
 .debug_aranges
                0x00000000000001f8       0x20 arch/arm/mach-sunxi/pm/standby/../mem_divlibc.o
 .debug_aranges
                0x0000000000000218       0x20 arch/arm/mach-sunxi/pm/standby/../mem_int.o
 .debug_aranges
                0x0000000000000238       0x20 arch/arm/mach-sunxi/pm/standby/../mem_gpio.o
 .debug_aranges
                0x0000000000000258       0x20 arch/arm/mach-sunxi/pm/standby/../mem_tmr.o
 .debug_aranges
                0x0000000000000278       0x18 arch/arm/mach-sunxi/pm/standby/../mem_tmstmp.o
 .debug_aranges
                0x0000000000000290       0x18 arch/arm/mach-sunxi/pm/standby/../mem_hwspinlock.o
 .debug_aranges
                0x00000000000002a8       0x20 arch/arm/mach-sunxi/pm/standby/../mem_clk.o

.debug_line     0x0000000000000000     0x15eb
 .debug_line    0x0000000000000000       0xbc arch/arm/mach-sunxi/pm/standby/super/resume/resume_head.o
 .debug_line    0x00000000000000bc       0x95 arch/arm/mach-sunxi/pm/standby/super/resume/resume1.o
 .debug_line    0x0000000000000151       0x73 arch/arm/mach-sunxi/pm/standby/super/common.o
 .debug_line    0x00000000000001c4       0x1d arch/arm/mach-sunxi/pm/standby/super/super_twi.o
 .debug_line    0x00000000000001e1       0x6b arch/arm/mach-sunxi/pm/standby/super/super_delay.o
 .debug_line    0x000000000000024c       0x1d arch/arm/mach-sunxi/pm/standby/super/super_clock.o
 .debug_line    0x0000000000000269       0x1d arch/arm/mach-sunxi/pm/standby/super/super_power.o
 .debug_line    0x0000000000000286       0x1d arch/arm/mach-sunxi/pm/standby/super/super_cpus.o
 .debug_line    0x00000000000002a3      0x218 arch/arm/mach-sunxi/pm/standby/super/resume/resume1_c_part.o
 .debug_line    0x00000000000004bb       0xf0 arch/arm/mach-sunxi/pm/standby/../pm_debug.o
 .debug_line    0x00000000000005ab      0x143 arch/arm/mach-sunxi/pm/standby/../mem_timing.o
 .debug_line    0x00000000000006ee       0xba arch/arm/mach-sunxi/pm/standby/../mem_mmu_pc.o
 .debug_line    0x00000000000007a8      0x1b4 arch/arm/mach-sunxi/pm/standby/../mem_mmu_pc_asm.o
 .debug_line    0x000000000000095c      0x13f arch/arm/mach-sunxi/pm/standby/../mem_cpu.o
 .debug_line    0x0000000000000a9b      0x246 arch/arm/mach-sunxi/pm/standby/../mem_serial.o
 .debug_line    0x0000000000000ce1      0x2f7 arch/arm/mach-sunxi/pm/standby/../mem_printk.o
 .debug_line    0x0000000000000fd8       0xad arch/arm/mach-sunxi/pm/standby/../mem_divlib.o
 .debug_line    0x0000000000001085       0x92 arch/arm/mach-sunxi/pm/standby/../mem_divlibc.o
 .debug_line    0x0000000000001117      0x126 arch/arm/mach-sunxi/pm/standby/../mem_int.o
 .debug_line    0x000000000000123d       0xa5 arch/arm/mach-sunxi/pm/standby/../mem_gpio.o
 .debug_line    0x00000000000012e2      0x100 arch/arm/mach-sunxi/pm/standby/../mem_tmr.o
 .debug_line    0x00000000000013e2       0x1d arch/arm/mach-sunxi/pm/standby/../mem_tmstmp.o
 .debug_line    0x00000000000013ff       0x1d arch/arm/mach-sunxi/pm/standby/../mem_hwspinlock.o
 .debug_line    0x000000000000141c      0x1cf arch/arm/mach-sunxi/pm/standby/../mem_clk.o

.debug_str      0x0000000000000000     0x1f36
 .debug_str     0x0000000000000000      0x326 arch/arm/mach-sunxi/pm/standby/super/resume/resume_head.o
                                        0x35e (size before relaxing)
 .debug_str     0x0000000000000326       0x49 arch/arm/mach-sunxi/pm/standby/super/common.o
                                        0x1be (size before relaxing)
 .debug_str     0x000000000000036f       0x31 arch/arm/mach-sunxi/pm/standby/super/super_twi.o
                                        0x1a1 (size before relaxing)
 .debug_str     0x00000000000003a0       0x33 arch/arm/mach-sunxi/pm/standby/super/super_clock.o
                                        0x1a3 (size before relaxing)
 .debug_str     0x00000000000003d3       0x33 arch/arm/mach-sunxi/pm/standby/super/super_power.o
                                        0x1a3 (size before relaxing)
 .debug_str     0x0000000000000406       0x32 arch/arm/mach-sunxi/pm/standby/super/super_cpus.o
                                        0x1a2 (size before relaxing)
 .debug_str     0x0000000000000438      0xc94 arch/arm/mach-sunxi/pm/standby/super/resume/resume1_c_part.o
                                        0xf55 (size before relaxing)
 .debug_str     0x00000000000010cc       0xd8 arch/arm/mach-sunxi/pm/standby/../pm_debug.o
                                        0x399 (size before relaxing)
 .debug_str     0x00000000000011a4      0x1af arch/arm/mach-sunxi/pm/standby/../mem_timing.o
                                        0x48b (size before relaxing)
 .debug_str     0x0000000000001353       0x57 arch/arm/mach-sunxi/pm/standby/../mem_mmu_pc.o
                                        0x226 (size before relaxing)
 .debug_str     0x00000000000013aa      0x273 arch/arm/mach-sunxi/pm/standby/../mem_cpu.o
                                        0x56f (size before relaxing)
 .debug_str     0x000000000000161d      0x18f arch/arm/mach-sunxi/pm/standby/../mem_serial.o
                                        0xc62 (size before relaxing)
 .debug_str     0x00000000000017ac       0xde arch/arm/mach-sunxi/pm/standby/../mem_printk.o
                                        0x3b4 (size before relaxing)
 .debug_str     0x000000000000188a       0x62 arch/arm/mach-sunxi/pm/standby/../mem_divlibc.o
                                        0x1f2 (size before relaxing)
 .debug_str     0x00000000000018ec      0x279 arch/arm/mach-sunxi/pm/standby/../mem_int.o
                                        0x511 (size before relaxing)
 .debug_str     0x0000000000001b65       0x66 arch/arm/mach-sunxi/pm/standby/../mem_gpio.o
                                        0x1ed (size before relaxing)
 .debug_str     0x0000000000001bcb      0x241 arch/arm/mach-sunxi/pm/standby/../mem_tmr.o
                                        0x522 (size before relaxing)
 .debug_str     0x0000000000001e0c       0x2f arch/arm/mach-sunxi/pm/standby/../mem_tmstmp.o
                                        0x19f (size before relaxing)
 .debug_str     0x0000000000001e3b       0x33 arch/arm/mach-sunxi/pm/standby/../mem_hwspinlock.o
                                        0x1a3 (size before relaxing)
 .debug_str     0x0000000000001e6e       0xc8 arch/arm/mach-sunxi/pm/standby/../mem_clk.o
                                        0xc51 (size before relaxing)

.comment        0x0000000000000000       0x26
 .comment       0x0000000000000000       0x26 arch/arm/mach-sunxi/pm/standby/super/resume/resume_head.o
                                         0x27 (size before relaxing)
 .comment       0x0000000000000026       0x27 arch/arm/mach-sunxi/pm/standby/super/common.o
 .comment       0x0000000000000026       0x27 arch/arm/mach-sunxi/pm/standby/super/super_twi.o
 .comment       0x0000000000000026       0x27 arch/arm/mach-sunxi/pm/standby/super/super_clock.o
 .comment       0x0000000000000026       0x27 arch/arm/mach-sunxi/pm/standby/super/super_power.o
 .comment       0x0000000000000026       0x27 arch/arm/mach-sunxi/pm/standby/super/super_cpus.o
 .comment       0x0000000000000026       0x27 arch/arm/mach-sunxi/pm/standby/super/resume/resume1_c_part.o
 .comment       0x0000000000000026       0x27 arch/arm/mach-sunxi/pm/standby/../pm_debug.o
 .comment       0x0000000000000026       0x27 arch/arm/mach-sunxi/pm/standby/../mem_timing.o
 .comment       0x0000000000000026       0x27 arch/arm/mach-sunxi/pm/standby/../mem_mmu_pc.o
 .comment       0x0000000000000026       0x27 arch/arm/mach-sunxi/pm/standby/../mem_cpu.o
 .comment       0x0000000000000026       0x27 arch/arm/mach-sunxi/pm/standby/../mem_serial.o
 .comment       0x0000000000000026       0x27 arch/arm/mach-sunxi/pm/standby/../mem_printk.o
 .comment       0x0000000000000026       0x27 arch/arm/mach-sunxi/pm/standby/../mem_divlibc.o
 .comment       0x0000000000000026       0x27 arch/arm/mach-sunxi/pm/standby/../mem_int.o
 .comment       0x0000000000000026       0x27 arch/arm/mach-sunxi/pm/standby/../mem_gpio.o
 .comment       0x0000000000000026       0x27 arch/arm/mach-sunxi/pm/standby/../mem_tmr.o
 .comment       0x0000000000000026       0x27 arch/arm/mach-sunxi/pm/standby/../mem_tmstmp.o
 .comment       0x0000000000000026       0x27 arch/arm/mach-sunxi/pm/standby/../mem_hwspinlock.o
 .comment       0x0000000000000026       0x27 arch/arm/mach-sunxi/pm/standby/../mem_clk.o

.note.GNU-stack
                0x0000000000000000        0x0
 .note.GNU-stack
                0x0000000000000000        0x0 arch/arm/mach-sunxi/pm/standby/super/resume/resume_head.o
 .note.GNU-stack
                0x0000000000000000        0x0 arch/arm/mach-sunxi/pm/standby/super/common.o
 .note.GNU-stack
                0x0000000000000000        0x0 arch/arm/mach-sunxi/pm/standby/super/super_twi.o
 .note.GNU-stack
                0x0000000000000000        0x0 arch/arm/mach-sunxi/pm/standby/super/super_clock.o
 .note.GNU-stack
                0x0000000000000000        0x0 arch/arm/mach-sunxi/pm/standby/super/super_power.o
 .note.GNU-stack
                0x0000000000000000        0x0 arch/arm/mach-sunxi/pm/standby/super/super_cpus.o
 .note.GNU-stack
                0x0000000000000000        0x0 arch/arm/mach-sunxi/pm/standby/super/resume/resume1_c_part.o
 .note.GNU-stack
                0x0000000000000000        0x0 arch/arm/mach-sunxi/pm/standby/../pm_debug.o
 .note.GNU-stack
                0x0000000000000000        0x0 arch/arm/mach-sunxi/pm/standby/../mem_timing.o
 .note.GNU-stack
                0x0000000000000000        0x0 arch/arm/mach-sunxi/pm/standby/../mem_mmu_pc.o
 .note.GNU-stack
                0x0000000000000000        0x0 arch/arm/mach-sunxi/pm/standby/../mem_cpu.o
 .note.GNU-stack
                0x0000000000000000        0x0 arch/arm/mach-sunxi/pm/standby/../mem_serial.o
 .note.GNU-stack
                0x0000000000000000        0x0 arch/arm/mach-sunxi/pm/standby/../mem_printk.o
 .note.GNU-stack
                0x0000000000000000        0x0 arch/arm/mach-sunxi/pm/standby/../mem_divlibc.o
 .note.GNU-stack
                0x0000000000000000        0x0 arch/arm/mach-sunxi/pm/standby/../mem_int.o
 .note.GNU-stack
                0x0000000000000000        0x0 arch/arm/mach-sunxi/pm/standby/../mem_gpio.o
 .note.GNU-stack
                0x0000000000000000        0x0 arch/arm/mach-sunxi/pm/standby/../mem_tmr.o
 .note.GNU-stack
                0x0000000000000000        0x0 arch/arm/mach-sunxi/pm/standby/../mem_tmstmp.o
 .note.GNU-stack
                0x0000000000000000        0x0 arch/arm/mach-sunxi/pm/standby/../mem_hwspinlock.o
 .note.GNU-stack
                0x0000000000000000        0x0 arch/arm/mach-sunxi/pm/standby/../mem_clk.o

.ARM.attributes
                0x0000000000000000       0x2f
 .ARM.attributes
                0x0000000000000000       0x31 arch/arm/mach-sunxi/pm/standby/super/resume/resume_head.o
 .ARM.attributes
                0x0000000000000031       0x1d arch/arm/mach-sunxi/pm/standby/super/resume/resume1.o
 .ARM.attributes
                0x000000000000004e       0x31 arch/arm/mach-sunxi/pm/standby/super/common.o
 .ARM.attributes
                0x000000000000007f       0x31 arch/arm/mach-sunxi/pm/standby/super/super_twi.o
 .ARM.attributes
                0x00000000000000b0       0x1d arch/arm/mach-sunxi/pm/standby/super/super_delay.o
 .ARM.attributes
                0x00000000000000cd       0x31 arch/arm/mach-sunxi/pm/standby/super/super_clock.o
 .ARM.attributes
                0x00000000000000fe       0x31 arch/arm/mach-sunxi/pm/standby/super/super_power.o
 .ARM.attributes
                0x000000000000012f       0x31 arch/arm/mach-sunxi/pm/standby/super/super_cpus.o
 .ARM.attributes
                0x0000000000000160       0x31 arch/arm/mach-sunxi/pm/standby/super/resume/resume1_c_part.o
 .ARM.attributes
                0x0000000000000191       0x31 arch/arm/mach-sunxi/pm/standby/../pm_debug.o
 .ARM.attributes
                0x00000000000001c2       0x31 arch/arm/mach-sunxi/pm/standby/../mem_timing.o
 .ARM.attributes
                0x00000000000001f3       0x31 arch/arm/mach-sunxi/pm/standby/../mem_mmu_pc.o
 .ARM.attributes
                0x0000000000000224       0x1d arch/arm/mach-sunxi/pm/standby/../mem_mmu_pc_asm.o
 .ARM.attributes
                0x0000000000000241       0x31 arch/arm/mach-sunxi/pm/standby/../mem_cpu.o
 .ARM.attributes
                0x0000000000000272       0x31 arch/arm/mach-sunxi/pm/standby/../mem_serial.o
 .ARM.attributes
                0x00000000000002a3       0x31 arch/arm/mach-sunxi/pm/standby/../mem_printk.o
 .ARM.attributes
                0x00000000000002d4       0x1d arch/arm/mach-sunxi/pm/standby/../mem_divlib.o
 .ARM.attributes
                0x00000000000002f1       0x31 arch/arm/mach-sunxi/pm/standby/../mem_divlibc.o
 .ARM.attributes
                0x0000000000000322       0x31 arch/arm/mach-sunxi/pm/standby/../mem_int.o
 .ARM.attributes
                0x0000000000000353       0x31 arch/arm/mach-sunxi/pm/standby/../mem_gpio.o
 .ARM.attributes
                0x0000000000000384       0x31 arch/arm/mach-sunxi/pm/standby/../mem_tmr.o
 .ARM.attributes
                0x00000000000003b5       0x31 arch/arm/mach-sunxi/pm/standby/../mem_tmstmp.o
 .ARM.attributes
                0x00000000000003e6       0x31 arch/arm/mach-sunxi/pm/standby/../mem_hwspinlock.o
 .ARM.attributes
                0x0000000000000417       0x31 arch/arm/mach-sunxi/pm/standby/../mem_clk.o

.debug_loc      0x0000000000000000     0x1a1e
 .debug_loc     0x0000000000000000       0xd5 arch/arm/mach-sunxi/pm/standby/super/common.o
 .debug_loc     0x00000000000000d5       0x82 arch/arm/mach-sunxi/pm/standby/super/resume/resume1_c_part.o
 .debug_loc     0x0000000000000157       0x79 arch/arm/mach-sunxi/pm/standby/../pm_debug.o
 .debug_loc     0x00000000000001d0      0x300 arch/arm/mach-sunxi/pm/standby/../mem_timing.o
 .debug_loc     0x00000000000004d0       0x42 arch/arm/mach-sunxi/pm/standby/../mem_cpu.o
 .debug_loc     0x0000000000000512      0x54f arch/arm/mach-sunxi/pm/standby/../mem_serial.o
 .debug_loc     0x0000000000000a61      0x917 arch/arm/mach-sunxi/pm/standby/../mem_printk.o
 .debug_loc     0x0000000000001378      0x114 arch/arm/mach-sunxi/pm/standby/../mem_divlibc.o
 .debug_loc     0x000000000000148c      0x1e7 arch/arm/mach-sunxi/pm/standby/../mem_int.o
 .debug_loc     0x0000000000001673       0x84 arch/arm/mach-sunxi/pm/standby/../mem_gpio.o
 .debug_loc     0x00000000000016f7       0x6b arch/arm/mach-sunxi/pm/standby/../mem_tmr.o
 .debug_loc     0x0000000000001762      0x2bc arch/arm/mach-sunxi/pm/standby/../mem_clk.o

.debug_frame    0x0000000000000000      0x800
 .debug_frame   0x0000000000000000       0x20 arch/arm/mach-sunxi/pm/standby/super/common.o
 .debug_frame   0x0000000000000020       0x54 arch/arm/mach-sunxi/pm/standby/super/resume/resume1_c_part.o
 .debug_frame   0x0000000000000074      0x148 arch/arm/mach-sunxi/pm/standby/../pm_debug.o
 .debug_frame   0x00000000000001bc       0xe0 arch/arm/mach-sunxi/pm/standby/../mem_timing.o
 .debug_frame   0x000000000000029c       0x40 arch/arm/mach-sunxi/pm/standby/../mem_mmu_pc.o
 .debug_frame   0x00000000000002dc       0x90 arch/arm/mach-sunxi/pm/standby/../mem_cpu.o
 .debug_frame   0x000000000000036c      0x114 arch/arm/mach-sunxi/pm/standby/../mem_serial.o
 .debug_frame   0x0000000000000480      0x128 arch/arm/mach-sunxi/pm/standby/../mem_printk.o
 .debug_frame   0x00000000000005a8       0x30 arch/arm/mach-sunxi/pm/standby/../mem_divlibc.o
 .debug_frame   0x00000000000005d8       0x64 arch/arm/mach-sunxi/pm/standby/../mem_int.o
 .debug_frame   0x000000000000063c       0x30 arch/arm/mach-sunxi/pm/standby/../mem_gpio.o
 .debug_frame   0x000000000000066c       0x88 arch/arm/mach-sunxi/pm/standby/../mem_tmr.o
 .debug_frame   0x00000000000006f4      0x10c arch/arm/mach-sunxi/pm/standby/../mem_clk.o

.debug_ranges   0x0000000000000000      0x1e8
 .debug_ranges  0x0000000000000000      0x130 arch/arm/mach-sunxi/pm/standby/../mem_serial.o
 .debug_ranges  0x0000000000000130       0xb8 arch/arm/mach-sunxi/pm/standby/../mem_printk.o
