
Allocating common symbols
Common symbol       size              file

mem_para_info       0xd0              arch/arm/mach-sunxi/pm/standby/super/resume/resume1_c_part.o
saved_context_r13_irq
                    0x8               arch/arm/mach-sunxi/pm/standby/../mem_cpu.o
saved_context_r12_svc
                    0x8               arch/arm/mach-sunxi/pm/standby/../mem_cpu.o
saved_spsr_fiq      0x4               arch/arm/mach-sunxi/pm/standby/../mem_cpu.o
saved_spsr_und      0x4               arch/arm/mach-sunxi/pm/standby/../mem_cpu.o
saved_spsr_irq      0x4               arch/arm/mach-sunxi/pm/standby/../mem_cpu.o
saved_context_r13_abt
                    0x8               arch/arm/mach-sunxi/pm/standby/../mem_cpu.o
saved_spsr_mon      0x4               arch/arm/mach-sunxi/pm/standby/../mem_cpu.o
saved_empty_context_svc
                    0xb0              arch/arm/mach-sunxi/pm/standby/../mem_cpu.o
saved_context_r13_fiq
                    0x1c              arch/arm/mach-sunxi/pm/standby/../mem_cpu.o
saved_cpsr_svc      0x4               arch/arm/mach-sunxi/pm/standby/../mem_cpu.o
saved_context_r13_sys
                    0x8               arch/arm/mach-sunxi/pm/standby/../mem_cpu.o
saved_spsr_abt      0x4               arch/arm/mach-sunxi/pm/standby/../mem_cpu.o
saved_context_r13_mon
                    0x8               arch/arm/mach-sunxi/pm/standby/../mem_cpu.o
func_entry          0x4               arch/arm/mach-sunxi/pm/standby/super/resume/resume1_c_part.o
saved_spsr_svc      0x4               arch/arm/mach-sunxi/pm/standby/../mem_cpu.o
saved_context_r13_und
                    0x8               arch/arm/mach-sunxi/pm/standby/../mem_cpu.o

Memory Configuration

Name             Origin             Length             Attributes
*default*        0x0000000000000000 0xffffffffffffffff

Linker script and memory map

                0x0000000000000000                __resume1_start = .

.text           0x0000000000000000     0x2bdc
 arch/arm/mach-sunxi/pm/standby/super/resume/resume_head.o(.rodata)
 .rodata        0x0000000000000000       0x30 arch/arm/mach-sunxi/pm/standby/super/resume/resume_head.o
                0x0000000000000000                resume_head
 arch/arm/mach-sunxi/pm/standby/super/resume/resume1.o(.text)
 .text          0x0000000000000030       0xb0 arch/arm/mach-sunxi/pm/standby/super/resume/resume1.o
                0x0000000000000030                _start
 *(.text)
 .text          0x00000000000000e0        0x0 arch/arm/mach-sunxi/pm/standby/super/resume/resume_head.o
 .text          0x00000000000000e0       0x2c arch/arm/mach-sunxi/pm/standby/super/common.o
                0x00000000000000e0                mem_memcpy
 .text          0x000000000000010c        0x0 arch/arm/mach-sunxi/pm/standby/super/super_twi.o
 .text          0x000000000000010c       0x28 arch/arm/mach-sunxi/pm/standby/super/super_delay.o
                0x000000000000010c                mem_delay
 .text          0x0000000000000134        0x0 arch/arm/mach-sunxi/pm/standby/super/super_clock.o
 .text          0x0000000000000134        0x0 arch/arm/mach-sunxi/pm/standby/super/super_power.o
 .text          0x0000000000000134        0x0 arch/arm/mach-sunxi/pm/standby/super/super_cpus.o
 .text          0x0000000000000134      0x2b8 arch/arm/mach-sunxi/pm/standby/super/resume/resume1_c_part.o
                0x0000000000000134                resume1_c_part
                0x0000000000000278                set_pll
 .text          0x00000000000003ec      0x17c arch/arm/mach-sunxi/pm/standby/../pm_debug.o
                0x00000000000003ec                busy_waiting
                0x000000000000040c                save_mem_flag
                0x0000000000000410                clear_mem_flag
                0x0000000000000414                mem_status_init
                0x0000000000000418                mem_status_init_nommu
                0x000000000000041c                mem_status_clear
                0x000000000000043c                mem_status_exit
                0x0000000000000440                save_mem_status
                0x0000000000000468                get_mem_status
                0x0000000000000478                show_mem_status
                0x00000000000004b4                save_mem_status_nommu
                0x00000000000004d0                save_cpux_mem_status_nommu
                0x00000000000004ec                io_init
                0x0000000000000504                io_init_high
                0x000000000000051c                io_init_low
                0x0000000000000534                io_high
 .text          0x0000000000000568      0x200 arch/arm/mach-sunxi/pm/standby/../mem_timing.o
                0x0000000000000568                init_perfcounters
                0x000000000000059c                backup_perfcounter
                0x00000000000005b8                restore_perfcounter
                0x00000000000005d4                get_cyclecount
                0x00000000000005dc                reset_counter
                0x00000000000005ec                change_runtime_env
                0x000000000000061c                delay_us
                0x00000000000006b0                delay_ms
                0x00000000000006e4                init_event_counter
                0x0000000000000710                set_event_counter
                0x000000000000073c                get_event_counter
 *fill*         0x0000000000000768       0x18 
 .text          0x0000000000000780       0xe0 arch/arm/mach-sunxi/pm/standby/../mem_mmu_pc.o
                0x0000000000000780                save_mmu_state
                0x00000000000007bc                restore_secure_mmu_state
                0x0000000000000808                restore_mmu_state
 .text          0x0000000000000860      0x550 arch/arm/mach-sunxi/pm/standby/../mem_mmu_pc_asm.o
                0x0000000000000860                save_sp
                0x000000000000086c                save_sp_nommu
                0x0000000000000878                restore_sp
                0x0000000000000880                get_sp
                0x0000000000000890                get_cur_cluster_id
                0x00000000000008a0                invalidate_dcache
                0x0000000000000934                invalidate_icache
                0x000000000000094c                flush_dcache
                0x00000000000009e8                flush_icache
                0x0000000000000a0c                disable_cache
                0x0000000000000a2c                disable_dcache
                0x0000000000000a48                disable_icache
                0x0000000000000a64                disable_l2cache
                0x0000000000000a80                enable_cache
                0x0000000000000aa0                enable_icache
                0x0000000000000abc                invalidate_branch_predictor
                0x0000000000000ad4                disable_program_flow_prediction
                0x0000000000000af0                enable_program_flow_prediction
                0x0000000000000b0c                mem_flush_tlb
                0x0000000000000b30                mem_preload_tlb
                0x0000000000000c3c                disable_mmu
                0x0000000000000c74                enable_mmu
                0x0000000000000cb4                jump_to_suspend
                0x0000000000000cd0                jump_to_resume
                0x0000000000000cf0                jump_to_resume0
                0x0000000000000d00                jump_to_resume0_nommu
 .text          0x0000000000000db0      0x7ac arch/arm/mach-sunxi/pm/standby/../mem_cpu.o
                0x0000000000000db0                __save_processor_state
                0x00000000000011b4                __restore_processor_state
                0x0000000000001478                disable_cache_invalidate
                0x0000000000001490                set_copro_default
                0x0000000000001520                save_processor_state
                0x000000000000152c                restore_processor_state
                0x0000000000001538                restore_processor_ttbr0
                0x000000000000154c                set_ttbr0
 .text          0x000000000000155c      0x4a8 arch/arm/mach-sunxi/pm/standby/../mem_serial.o
                0x0000000000001608                serial_exit
                0x000000000000163c                serial_init_nommu
                0x00000000000016dc                serial_puts_nommu
                0x0000000000001774                serial_gets_nommu
                0x0000000000001808                serial_init_manager
                0x000000000000181c                serial_exit_manager
                0x0000000000001830                serial_init
                0x00000000000018d8                serial_puts
                0x0000000000001970                serial_gets
 .text          0x0000000000001a04      0x838 arch/arm/mach-sunxi/pm/standby/../mem_printk.o
                0x0000000000001c4c                printk
                0x0000000000001f44                printk_nommu
 .text          0x000000000000223c      0x1dc arch/arm/mach-sunxi/pm/standby/../mem_divlib.o
                0x000000000000223c                standby_delay
                0x0000000000002264                standby_delay_cycle
                0x0000000000002270                Ldiv0
                0x0000000000002280                __aeabi_uidiv
                0x000000000000231c                __aeabi_idiv
                0x00000000000023e8                __aeabi_uidivmod
                0x0000000000002400                __aeabi_idivmod
 .text          0x0000000000002418       0x5c arch/arm/mach-sunxi/pm/standby/../mem_divlibc.o
                0x0000000000002418                __mem_div0
                0x0000000000002424                raw_lib_udiv
 .text          0x0000000000002474      0x180 arch/arm/mach-sunxi/pm/standby/../mem_int.o
                0x0000000000002474                mem_int_init
                0x0000000000002504                mem_int_exit
                0x0000000000002554                mem_enable_int
                0x00000000000025a0                mem_query_int
 .text          0x00000000000025f4       0x58 arch/arm/mach-sunxi/pm/standby/../mem_gpio.o
                0x00000000000025f4                mem_gpio_save
                0x0000000000002620                mem_gpio_restore
 .text          0x000000000000264c      0x1e0 arch/arm/mach-sunxi/pm/standby/../mem_tmr.o
                0x000000000000264c                mem_tmr_save
                0x00000000000026a4                mem_tmr_restore
                0x00000000000026f4                mem_tmr_init
                0x0000000000002728                mem_tmr_exit
                0x0000000000002750                mem_tmr_enable_watchdog
                0x0000000000002798                mem_tmr_disable_watchdog
                0x00000000000027d8                mem_tmr_set
 .text          0x000000000000282c        0x0 arch/arm/mach-sunxi/pm/standby/../mem_tmstmp.o
 .text          0x000000000000282c        0x0 arch/arm/mach-sunxi/pm/standby/../mem_hwspinlock.o
 .text          0x000000000000282c      0x3b0 arch/arm/mach-sunxi/pm/standby/../mem_clk.o
                0x000000000000282c                mem_clk_init
                0x0000000000002868                mem_get_ba
                0x0000000000002878                mem_clk_save
                0x00000000000028b4                mem_clk_restore
                0x00000000000028e8                mem_clk_setdiv
                0x0000000000002964                mem_clk_getdiv
                0x00000000000029ac                mem_clk_set_pll_factor
                0x0000000000002a18                mem_clk_get_pll_factor
                0x0000000000002a68                mem_clk_set_misc
                0x0000000000002b04                mem_clk_get_misc
                0x0000000000002b64                mem_clk_get_cpu_freq

.glue_7         0x0000000000002bdc        0x0
 .glue_7        0x0000000000002bdc        0x0 linker stubs

.glue_7t        0x0000000000002bdc        0x0
 .glue_7t       0x0000000000002bdc        0x0 linker stubs

.vfp11_veneer   0x0000000000002bdc        0x0
 .vfp11_veneer  0x0000000000002bdc        0x0 linker stubs

.v4_bx          0x0000000000002bdc        0x0
 .v4_bx         0x0000000000002bdc        0x0 linker stubs

.iplt           0x0000000000002bdc        0x0
 .iplt          0x0000000000002bdc        0x0 arch/arm/mach-sunxi/pm/standby/super/resume/resume_head.o

.rodata         0x0000000000002bdc       0x1c
 *(.rodata)
 .rodata        0x0000000000002bdc       0x10 arch/arm/mach-sunxi/pm/standby/../mem_timing.o
 .rodata        0x0000000000002bec        0xc arch/arm/mach-sunxi/pm/standby/../mem_serial.o

.rodata.str1.4  0x0000000000002bf8      0x180
 .rodata.str1.4
                0x0000000000002bf8      0x106 arch/arm/mach-sunxi/pm/standby/super/resume/resume1_c_part.o
 *fill*         0x0000000000002cfe        0x2 
 .rodata.str1.4
                0x0000000000002d00       0x17 arch/arm/mach-sunxi/pm/standby/../pm_debug.o
 *fill*         0x0000000000002d17        0x1 
 .rodata.str1.4
                0x0000000000002d18       0x25 arch/arm/mach-sunxi/pm/standby/../mem_printk.o
 *fill*         0x0000000000002d3d        0x3 
 .rodata.str1.4
                0x0000000000002d40       0x1a arch/arm/mach-sunxi/pm/standby/../mem_divlibc.o
 *fill*         0x0000000000002d5a        0x2 
 .rodata.str1.4
                0x0000000000002d5c       0x1c arch/arm/mach-sunxi/pm/standby/../mem_int.o
                                         0x1b (size before relaxing)

.rel.dyn        0x0000000000002d78        0x0
 .rel.iplt      0x0000000000002d78        0x0 arch/arm/mach-sunxi/pm/standby/super/resume/resume_head.o

.data           0x0000000000002d78        0x4
 *(.data)
 .data          0x0000000000002d78        0x0 arch/arm/mach-sunxi/pm/standby/super/resume/resume_head.o
 .data          0x0000000000002d78        0x0 arch/arm/mach-sunxi/pm/standby/super/resume/resume1.o
 .data          0x0000000000002d78        0x0 arch/arm/mach-sunxi/pm/standby/super/common.o
 .data          0x0000000000002d78        0x0 arch/arm/mach-sunxi/pm/standby/super/super_twi.o
 .data          0x0000000000002d78        0x0 arch/arm/mach-sunxi/pm/standby/super/super_delay.o
 .data          0x0000000000002d78        0x0 arch/arm/mach-sunxi/pm/standby/super/super_clock.o
 .data          0x0000000000002d78        0x0 arch/arm/mach-sunxi/pm/standby/super/super_power.o
 .data          0x0000000000002d78        0x0 arch/arm/mach-sunxi/pm/standby/super/super_cpus.o
 .data          0x0000000000002d78        0x4 arch/arm/mach-sunxi/pm/standby/super/resume/resume1_c_part.o
 .data          0x0000000000002d7c        0x0 arch/arm/mach-sunxi/pm/standby/../pm_debug.o
 .data          0x0000000000002d7c        0x0 arch/arm/mach-sunxi/pm/standby/../mem_timing.o
 .data          0x0000000000002d7c        0x0 arch/arm/mach-sunxi/pm/standby/../mem_mmu_pc.o
 .data          0x0000000000002d7c        0x0 arch/arm/mach-sunxi/pm/standby/../mem_mmu_pc_asm.o
 .data          0x0000000000002d7c        0x0 arch/arm/mach-sunxi/pm/standby/../mem_cpu.o
 .data          0x0000000000002d7c        0x0 arch/arm/mach-sunxi/pm/standby/../mem_serial.o
 .data          0x0000000000002d7c        0x0 arch/arm/mach-sunxi/pm/standby/../mem_printk.o
 .data          0x0000000000002d7c        0x0 arch/arm/mach-sunxi/pm/standby/../mem_divlib.o
 .data          0x0000000000002d7c        0x0 arch/arm/mach-sunxi/pm/standby/../mem_divlibc.o
 .data          0x0000000000002d7c        0x0 arch/arm/mach-sunxi/pm/standby/../mem_int.o
 .data          0x0000000000002d7c        0x0 arch/arm/mach-sunxi/pm/standby/../mem_gpio.o
 .data          0x0000000000002d7c        0x0 arch/arm/mach-sunxi/pm/standby/../mem_tmr.o
 .data          0x0000000000002d7c        0x0 arch/arm/mach-sunxi/pm/standby/../mem_tmstmp.o
 .data          0x0000000000002d7c        0x0 arch/arm/mach-sunxi/pm/standby/../mem_hwspinlock.o
 .data          0x0000000000002d7c        0x0 arch/arm/mach-sunxi/pm/standby/../mem_clk.o
                0x0000000000002d7c                __bss_start = .

.igot.plt       0x0000000000002d7c        0x0
 .igot.plt      0x0000000000002d7c        0x0 arch/arm/mach-sunxi/pm/standby/super/resume/resume_head.o

.bss            0x0000000000002d7c      0x3d0
 *(.sbss)
 *(.scommon)
 *(.bss)
 .bss           0x0000000000002d7c        0x0 arch/arm/mach-sunxi/pm/standby/super/resume/resume_head.o
 .bss           0x0000000000002d7c        0x0 arch/arm/mach-sunxi/pm/standby/super/resume/resume1.o
 .bss           0x0000000000002d7c        0x0 arch/arm/mach-sunxi/pm/standby/super/common.o
 .bss           0x0000000000002d7c        0x0 arch/arm/mach-sunxi/pm/standby/super/super_twi.o
 .bss           0x0000000000002d7c        0x0 arch/arm/mach-sunxi/pm/standby/super/super_delay.o
 .bss           0x0000000000002d7c        0x0 arch/arm/mach-sunxi/pm/standby/super/super_clock.o
 .bss           0x0000000000002d7c        0x0 arch/arm/mach-sunxi/pm/standby/super/super_power.o
 .bss           0x0000000000002d7c        0x0 arch/arm/mach-sunxi/pm/standby/super/super_cpus.o
 .bss           0x0000000000002d7c        0x0 arch/arm/mach-sunxi/pm/standby/super/resume/resume1_c_part.o
 .bss           0x0000000000002d7c        0x4 arch/arm/mach-sunxi/pm/standby/../pm_debug.o
                0x0000000000002d7c                print_flag
 .bss           0x0000000000002d80       0x10 arch/arm/mach-sunxi/pm/standby/../mem_timing.o
 .bss           0x0000000000002d90        0x0 arch/arm/mach-sunxi/pm/standby/../mem_mmu_pc.o
 .bss           0x0000000000002d90        0x0 arch/arm/mach-sunxi/pm/standby/../mem_mmu_pc_asm.o
 .bss           0x0000000000002d90       0xa0 arch/arm/mach-sunxi/pm/standby/../mem_cpu.o
 .bss           0x0000000000002e30       0x10 arch/arm/mach-sunxi/pm/standby/../mem_serial.o
 .bss           0x0000000000002e40      0x100 arch/arm/mach-sunxi/pm/standby/../mem_printk.o
 .bss           0x0000000000002f40        0x0 arch/arm/mach-sunxi/pm/standby/../mem_divlib.o
 .bss           0x0000000000002f40        0x0 arch/arm/mach-sunxi/pm/standby/../mem_divlibc.o
 .bss           0x0000000000002f40        0x4 arch/arm/mach-sunxi/pm/standby/../mem_int.o
 .bss           0x0000000000002f44        0x0 arch/arm/mach-sunxi/pm/standby/../mem_gpio.o
 .bss           0x0000000000002f44       0x10 arch/arm/mach-sunxi/pm/standby/../mem_tmr.o
 .bss           0x0000000000002f54        0x0 arch/arm/mach-sunxi/pm/standby/../mem_tmstmp.o
 .bss           0x0000000000002f54        0x0 arch/arm/mach-sunxi/pm/standby/../mem_hwspinlock.o
 .bss           0x0000000000002f54        0xc arch/arm/mach-sunxi/pm/standby/../mem_clk.o
 *(COMMON)
 COMMON         0x0000000000002f60       0xd4 arch/arm/mach-sunxi/pm/standby/super/resume/resume1_c_part.o
                0x0000000000002f60                mem_para_info
                0x0000000000003030                func_entry
 COMMON         0x0000000000003034      0x118 arch/arm/mach-sunxi/pm/standby/../mem_cpu.o
                0x0000000000003034                saved_context_r13_irq
                0x000000000000303c                saved_context_r12_svc
                0x0000000000003044                saved_spsr_fiq
                0x0000000000003048                saved_spsr_und
                0x000000000000304c                saved_spsr_irq
                0x0000000000003050                saved_context_r13_abt
                0x0000000000003058                saved_spsr_mon
                0x000000000000305c                saved_empty_context_svc
                0x000000000000310c                saved_context_r13_fiq
                0x0000000000003128                saved_cpsr_svc
                0x000000000000312c                saved_context_r13_sys
                0x0000000000003134                saved_spsr_abt
                0x0000000000003138                saved_context_r13_mon
                0x0000000000003140                saved_spsr_svc
                0x0000000000003144                saved_context_r13_und
                0x000000000000314c                __bss_end = .
                0x000000000000314c                __resume1_end = .
LOAD arch/arm/mach-sunxi/pm/standby/super/common.o
LOAD arch/arm/mach-sunxi/pm/standby/super/super_twi.o
LOAD arch/arm/mach-sunxi/pm/standby/super/super_delay.o
LOAD arch/arm/mach-sunxi/pm/standby/super/super_clock.o
LOAD arch/arm/mach-sunxi/pm/standby/super/super_power.o
LOAD arch/arm/mach-sunxi/pm/standby/super/super_cpus.o
LOAD arch/arm/mach-sunxi/pm/standby/super/resume/resume1.o
LOAD arch/arm/mach-sunxi/pm/standby/super/resume/resume_head.o
LOAD arch/arm/mach-sunxi/pm/standby/super/resume/resume1_c_part.o
LOAD arch/arm/mach-sunxi/pm/standby/../pm_debug.o
LOAD arch/arm/mach-sunxi/pm/standby/../mem_timing.o
LOAD arch/arm/mach-sunxi/pm/standby/../mem_mmu_pc.o
LOAD arch/arm/mach-sunxi/pm/standby/../mem_mmu_pc_asm.o
LOAD arch/arm/mach-sunxi/pm/standby/../mem_cpu.o
LOAD arch/arm/mach-sunxi/pm/standby/../mem_serial.o
LOAD arch/arm/mach-sunxi/pm/standby/../mem_printk.o
LOAD arch/arm/mach-sunxi/pm/standby/../mem_divlib.o
LOAD arch/arm/mach-sunxi/pm/standby/../mem_divlibc.o
LOAD arch/arm/mach-sunxi/pm/standby/../mem_int.o
LOAD arch/arm/mach-sunxi/pm/standby/../mem_gpio.o
LOAD arch/arm/mach-sunxi/pm/standby/../mem_tmr.o
LOAD arch/arm/mach-sunxi/pm/standby/../mem_tmstmp.o
LOAD arch/arm/mach-sunxi/pm/standby/../mem_hwspinlock.o
LOAD arch/arm/mach-sunxi/pm/standby/../mem_clk.o
OUTPUT(arch/arm/mach-sunxi/pm/standby/resume1.elf elf32-littlearm)

.debug_info     0x0000000000000000     0xde10
 .debug_info    0x0000000000000000      0x81d arch/arm/mach-sunxi/pm/standby/super/resume/resume_head.o
 .debug_info    0x000000000000081d       0x8f arch/arm/mach-sunxi/pm/standby/super/resume/resume1.o
 .debug_info    0x00000000000008ac      0x7ee arch/arm/mach-sunxi/pm/standby/super/common.o
 .debug_info    0x000000000000109a      0x781 arch/arm/mach-sunxi/pm/standby/super/super_twi.o
 .debug_info    0x000000000000181b       0x8c arch/arm/mach-sunxi/pm/standby/super/super_delay.o
 .debug_info    0x00000000000018a7      0x781 arch/arm/mach-sunxi/pm/standby/super/super_clock.o
 .debug_info    0x0000000000002028      0x781 arch/arm/mach-sunxi/pm/standby/super/super_power.o
 .debug_info    0x00000000000027a9      0x781 arch/arm/mach-sunxi/pm/standby/super/super_cpus.o
 .debug_info    0x0000000000002f2a     0x1c79 arch/arm/mach-sunxi/pm/standby/super/resume/resume1_c_part.o
 .debug_info    0x0000000000004ba3      0x86d arch/arm/mach-sunxi/pm/standby/../pm_debug.o
 .debug_info    0x0000000000005410      0xab3 arch/arm/mach-sunxi/pm/standby/../mem_timing.o
 .debug_info    0x0000000000005ec3      0x653 arch/arm/mach-sunxi/pm/standby/../mem_mmu_pc.o
 .debug_info    0x0000000000006516       0x8c arch/arm/mach-sunxi/pm/standby/../mem_mmu_pc_asm.o
 .debug_info    0x00000000000065a2      0xa5d arch/arm/mach-sunxi/pm/standby/../mem_cpu.o
 .debug_info    0x0000000000006fff     0x1b44 arch/arm/mach-sunxi/pm/standby/../mem_serial.o
 .debug_info    0x0000000000008b43      0xf25 arch/arm/mach-sunxi/pm/standby/../mem_printk.o
 .debug_info    0x0000000000009a68       0x88 arch/arm/mach-sunxi/pm/standby/../mem_divlib.o
 .debug_info    0x0000000000009af0      0x68c arch/arm/mach-sunxi/pm/standby/../mem_divlibc.o
 .debug_info    0x000000000000a17c      0x862 arch/arm/mach-sunxi/pm/standby/../mem_int.o
 .debug_info    0x000000000000a9de      0x68b arch/arm/mach-sunxi/pm/standby/../mem_gpio.o
 .debug_info    0x000000000000b069      0x9a2 arch/arm/mach-sunxi/pm/standby/../mem_tmr.o
 .debug_info    0x000000000000ba0b      0x5e0 arch/arm/mach-sunxi/pm/standby/../mem_tmstmp.o
 .debug_info    0x000000000000bfeb      0x5e0 arch/arm/mach-sunxi/pm/standby/../mem_hwspinlock.o
 .debug_info    0x000000000000c5cb     0x1845 arch/arm/mach-sunxi/pm/standby/../mem_clk.o

.debug_abbrev   0x0000000000000000     0x2339
 .debug_abbrev  0x0000000000000000      0x12f arch/arm/mach-sunxi/pm/standby/super/resume/resume_head.o
 .debug_abbrev  0x000000000000012f       0x14 arch/arm/mach-sunxi/pm/standby/super/resume/resume1.o
 .debug_abbrev  0x0000000000000143      0x153 arch/arm/mach-sunxi/pm/standby/super/common.o
 .debug_abbrev  0x0000000000000296      0x108 arch/arm/mach-sunxi/pm/standby/super/super_twi.o
 .debug_abbrev  0x000000000000039e       0x14 arch/arm/mach-sunxi/pm/standby/super/super_delay.o
 .debug_abbrev  0x00000000000003b2      0x108 arch/arm/mach-sunxi/pm/standby/super/super_clock.o
 .debug_abbrev  0x00000000000004ba      0x108 arch/arm/mach-sunxi/pm/standby/super/super_power.o
 .debug_abbrev  0x00000000000005c2      0x108 arch/arm/mach-sunxi/pm/standby/super/super_cpus.o
 .debug_abbrev  0x00000000000006ca      0x281 arch/arm/mach-sunxi/pm/standby/super/resume/resume1_c_part.o
 .debug_abbrev  0x000000000000094b      0x24b arch/arm/mach-sunxi/pm/standby/../pm_debug.o
 .debug_abbrev  0x0000000000000b96      0x2eb arch/arm/mach-sunxi/pm/standby/../mem_timing.o
 .debug_abbrev  0x0000000000000e81      0x14d arch/arm/mach-sunxi/pm/standby/../mem_mmu_pc.o
 .debug_abbrev  0x0000000000000fce       0x14 arch/arm/mach-sunxi/pm/standby/../mem_mmu_pc_asm.o
 .debug_abbrev  0x0000000000000fe2      0x1ed arch/arm/mach-sunxi/pm/standby/../mem_cpu.o
 .debug_abbrev  0x00000000000011cf      0x399 arch/arm/mach-sunxi/pm/standby/../mem_serial.o
 .debug_abbrev  0x0000000000001568      0x301 arch/arm/mach-sunxi/pm/standby/../mem_printk.o
 .debug_abbrev  0x0000000000001869       0x14 arch/arm/mach-sunxi/pm/standby/../mem_divlib.o
 .debug_abbrev  0x000000000000187d      0x18b arch/arm/mach-sunxi/pm/standby/../mem_divlibc.o
 .debug_abbrev  0x0000000000001a08      0x1b3 arch/arm/mach-sunxi/pm/standby/../mem_int.o
 .debug_abbrev  0x0000000000001bbb      0x16f arch/arm/mach-sunxi/pm/standby/../mem_gpio.o
 .debug_abbrev  0x0000000000001d2a      0x1ac arch/arm/mach-sunxi/pm/standby/../mem_tmr.o
 .debug_abbrev  0x0000000000001ed6      0x108 arch/arm/mach-sunxi/pm/standby/../mem_tmstmp.o
 .debug_abbrev  0x0000000000001fde      0x108 arch/arm/mach-sunxi/pm/standby/../mem_hwspinlock.o
 .debug_abbrev  0x00000000000020e6      0x253 arch/arm/mach-sunxi/pm/standby/../mem_clk.o

.debug_aranges  0x0000000000000000      0x2c8
 .debug_aranges
                0x0000000000000000       0x18 arch/arm/mach-sunxi/pm/standby/super/resume/resume_head.o
 .debug_aranges
                0x0000000000000018       0x20 arch/arm/mach-sunxi/pm/standby/super/resume/resume1.o
 .debug_aranges
                0x0000000000000038       0x20 arch/arm/mach-sunxi/pm/standby/super/common.o
 .debug_aranges
                0x0000000000000058       0x18 arch/arm/mach-sunxi/pm/standby/super/super_twi.o
 .debug_aranges
                0x0000000000000070       0x20 arch/arm/mach-sunxi/pm/standby/super/super_delay.o
 .debug_aranges
                0x0000000000000090       0x18 arch/arm/mach-sunxi/pm/standby/super/super_clock.o
 .debug_aranges
                0x00000000000000a8       0x18 arch/arm/mach-sunxi/pm/standby/super/super_power.o
 .debug_aranges
                0x00000000000000c0       0x18 arch/arm/mach-sunxi/pm/standby/super/super_cpus.o
 .debug_aranges
                0x00000000000000d8       0x20 arch/arm/mach-sunxi/pm/standby/super/resume/resume1_c_part.o
 .debug_aranges
                0x00000000000000f8       0x20 arch/arm/mach-sunxi/pm/standby/../pm_debug.o
 .debug_aranges
                0x0000000000000118       0x20 arch/arm/mach-sunxi/pm/standby/../mem_timing.o
 .debug_aranges
                0x0000000000000138       0x20 arch/arm/mach-sunxi/pm/standby/../mem_mmu_pc.o
 .debug_aranges
                0x0000000000000158       0x20 arch/arm/mach-sunxi/pm/standby/../mem_mmu_pc_asm.o
 .debug_aranges
                0x0000000000000178       0x20 arch/arm/mach-sunxi/pm/standby/../mem_cpu.o
 .debug_aranges
                0x0000000000000198       0x20 arch/arm/mach-sunxi/pm/standby/../mem_serial.o
 .debug_aranges
                0x00000000000001b8       0x20 arch/arm/mach-sunxi/pm/standby/../mem_printk.o
 .debug_aranges
                0x00000000000001d8       0x20 arch/arm/mach-sunxi/pm/standby/../mem_divlib.o
 .debug_aranges
                0x00000000000001f8       0x20 arch/arm/mach-sunxi/pm/standby/../mem_divlibc.o
 .debug_aranges
                0x0000000000000218       0x20 arch/arm/mach-sunxi/pm/standby/../mem_int.o
 .debug_aranges
                0x0000000000000238       0x20 arch/arm/mach-sunxi/pm/standby/../mem_gpio.o
 .debug_aranges
                0x0000000000000258       0x20 arch/arm/mach-sunxi/pm/standby/../mem_tmr.o
 .debug_aranges
                0x0000000000000278       0x18 arch/arm/mach-sunxi/pm/standby/../mem_tmstmp.o
 .debug_aranges
                0x0000000000000290       0x18 arch/arm/mach-sunxi/pm/standby/../mem_hwspinlock.o
 .debug_aranges
                0x00000000000002a8       0x20 arch/arm/mach-sunxi/pm/standby/../mem_clk.o

.debug_line     0x0000000000000000     0x1e1f
 .debug_line    0x0000000000000000      0x13c arch/arm/mach-sunxi/pm/standby/super/resume/resume_head.o
 .debug_line    0x000000000000013c       0x95 arch/arm/mach-sunxi/pm/standby/super/resume/resume1.o
 .debug_line    0x00000000000001d1      0x118 arch/arm/mach-sunxi/pm/standby/super/common.o
 .debug_line    0x00000000000002e9       0xe7 arch/arm/mach-sunxi/pm/standby/super/super_twi.o
 .debug_line    0x00000000000003d0       0x6b arch/arm/mach-sunxi/pm/standby/super/super_delay.o
 .debug_line    0x000000000000043b       0xe7 arch/arm/mach-sunxi/pm/standby/super/super_clock.o
 .debug_line    0x0000000000000522       0xe7 arch/arm/mach-sunxi/pm/standby/super/super_power.o
 .debug_line    0x0000000000000609       0xe7 arch/arm/mach-sunxi/pm/standby/super/super_cpus.o
 .debug_line    0x00000000000006f0      0x224 arch/arm/mach-sunxi/pm/standby/super/resume/resume1_c_part.o
 .debug_line    0x0000000000000914      0x12d arch/arm/mach-sunxi/pm/standby/../pm_debug.o
 .debug_line    0x0000000000000a41      0x16a arch/arm/mach-sunxi/pm/standby/../mem_timing.o
 .debug_line    0x0000000000000bab      0x111 arch/arm/mach-sunxi/pm/standby/../mem_mmu_pc.o
 .debug_line    0x0000000000000cbc      0x1b4 arch/arm/mach-sunxi/pm/standby/../mem_mmu_pc_asm.o
 .debug_line    0x0000000000000e70      0x16d arch/arm/mach-sunxi/pm/standby/../mem_cpu.o
 .debug_line    0x0000000000000fdd      0x257 arch/arm/mach-sunxi/pm/standby/../mem_serial.o
 .debug_line    0x0000000000001234      0x35e arch/arm/mach-sunxi/pm/standby/../mem_printk.o
 .debug_line    0x0000000000001592       0xad arch/arm/mach-sunxi/pm/standby/../mem_divlib.o
 .debug_line    0x000000000000163f       0xf1 arch/arm/mach-sunxi/pm/standby/../mem_divlibc.o
 .debug_line    0x0000000000001730      0x156 arch/arm/mach-sunxi/pm/standby/../mem_int.o
 .debug_line    0x0000000000001886      0x104 arch/arm/mach-sunxi/pm/standby/../mem_gpio.o
 .debug_line    0x000000000000198a      0x138 arch/arm/mach-sunxi/pm/standby/../mem_tmr.o
 .debug_line    0x0000000000001ac2       0xac arch/arm/mach-sunxi/pm/standby/../mem_tmstmp.o
 .debug_line    0x0000000000001b6e       0xac arch/arm/mach-sunxi/pm/standby/../mem_hwspinlock.o
 .debug_line    0x0000000000001c1a      0x205 arch/arm/mach-sunxi/pm/standby/../mem_clk.o

.debug_str      0x0000000000000000     0x2173
 .debug_str     0x0000000000000000      0x802 arch/arm/mach-sunxi/pm/standby/super/resume/resume_head.o
                                        0x893 (size before relaxing)
 .debug_str     0x0000000000000802       0x49 arch/arm/mach-sunxi/pm/standby/super/common.o
                                        0x792 (size before relaxing)
 .debug_str     0x000000000000084b       0x31 arch/arm/mach-sunxi/pm/standby/super/super_twi.o
                                        0x775 (size before relaxing)
 .debug_str     0x000000000000087c       0x33 arch/arm/mach-sunxi/pm/standby/super/super_clock.o
                                        0x777 (size before relaxing)
 .debug_str     0x00000000000008af       0x33 arch/arm/mach-sunxi/pm/standby/super/super_power.o
                                        0x777 (size before relaxing)
 .debug_str     0x00000000000008e2       0x32 arch/arm/mach-sunxi/pm/standby/super/super_cpus.o
                                        0x776 (size before relaxing)
 .debug_str     0x0000000000000914      0xae8 arch/arm/mach-sunxi/pm/standby/super/resume/resume1_c_part.o
                                       0x1368 (size before relaxing)
 .debug_str     0x00000000000013fc       0xfa arch/arm/mach-sunxi/pm/standby/../pm_debug.o
                                        0x89c (size before relaxing)
 .debug_str     0x00000000000014f6      0x1ba arch/arm/mach-sunxi/pm/standby/../mem_timing.o
                                        0x967 (size before relaxing)
 .debug_str     0x00000000000016b0       0x57 arch/arm/mach-sunxi/pm/standby/../mem_mmu_pc.o
                                        0x6aa (size before relaxing)
 .debug_str     0x0000000000001707      0x158 arch/arm/mach-sunxi/pm/standby/../mem_cpu.o
                                        0x8f2 (size before relaxing)
 .debug_str     0x000000000000185f      0x18a arch/arm/mach-sunxi/pm/standby/../mem_serial.o
                                       0x10c9 (size before relaxing)
 .debug_str     0x00000000000019e9       0xde arch/arm/mach-sunxi/pm/standby/../mem_printk.o
                                        0x885 (size before relaxing)
 .debug_str     0x0000000000001ac7       0x62 arch/arm/mach-sunxi/pm/standby/../mem_divlibc.o
                                        0x6bd (size before relaxing)
 .debug_str     0x0000000000001b29      0x279 arch/arm/mach-sunxi/pm/standby/../mem_int.o
                                        0x9dc (size before relaxing)
 .debug_str     0x0000000000001da2       0x66 arch/arm/mach-sunxi/pm/standby/../mem_gpio.o
                                        0x6b8 (size before relaxing)
 .debug_str     0x0000000000001e08      0x241 arch/arm/mach-sunxi/pm/standby/../mem_tmr.o
                                        0x9ed (size before relaxing)
 .debug_str     0x0000000000002049       0x2f arch/arm/mach-sunxi/pm/standby/../mem_tmstmp.o
                                        0x670 (size before relaxing)
 .debug_str     0x0000000000002078       0x33 arch/arm/mach-sunxi/pm/standby/../mem_hwspinlock.o
                                        0x674 (size before relaxing)
 .debug_str     0x00000000000020ab       0xc8 arch/arm/mach-sunxi/pm/standby/../mem_clk.o
                                       0x1044 (size before relaxing)

.comment        0x0000000000000000       0x2d
 .comment       0x0000000000000000       0x2d arch/arm/mach-sunxi/pm/standby/super/resume/resume_head.o
                                         0x2e (size before relaxing)
 .comment       0x000000000000002d       0x2e arch/arm/mach-sunxi/pm/standby/super/common.o
 .comment       0x000000000000002d       0x2e arch/arm/mach-sunxi/pm/standby/super/super_twi.o
 .comment       0x000000000000002d       0x2e arch/arm/mach-sunxi/pm/standby/super/super_clock.o
 .comment       0x000000000000002d       0x2e arch/arm/mach-sunxi/pm/standby/super/super_power.o
 .comment       0x000000000000002d       0x2e arch/arm/mach-sunxi/pm/standby/super/super_cpus.o
 .comment       0x000000000000002d       0x2e arch/arm/mach-sunxi/pm/standby/super/resume/resume1_c_part.o
 .comment       0x000000000000002d       0x2e arch/arm/mach-sunxi/pm/standby/../pm_debug.o
 .comment       0x000000000000002d       0x2e arch/arm/mach-sunxi/pm/standby/../mem_timing.o
 .comment       0x000000000000002d       0x2e arch/arm/mach-sunxi/pm/standby/../mem_mmu_pc.o
 .comment       0x000000000000002d       0x2e arch/arm/mach-sunxi/pm/standby/../mem_cpu.o
 .comment       0x000000000000002d       0x2e arch/arm/mach-sunxi/pm/standby/../mem_serial.o
 .comment       0x000000000000002d       0x2e arch/arm/mach-sunxi/pm/standby/../mem_printk.o
 .comment       0x000000000000002d       0x2e arch/arm/mach-sunxi/pm/standby/../mem_divlibc.o
 .comment       0x000000000000002d       0x2e arch/arm/mach-sunxi/pm/standby/../mem_int.o
 .comment       0x000000000000002d       0x2e arch/arm/mach-sunxi/pm/standby/../mem_gpio.o
 .comment       0x000000000000002d       0x2e arch/arm/mach-sunxi/pm/standby/../mem_tmr.o
 .comment       0x000000000000002d       0x2e arch/arm/mach-sunxi/pm/standby/../mem_tmstmp.o
 .comment       0x000000000000002d       0x2e arch/arm/mach-sunxi/pm/standby/../mem_hwspinlock.o
 .comment       0x000000000000002d       0x2e arch/arm/mach-sunxi/pm/standby/../mem_clk.o

.note.GNU-stack
                0x0000000000000000        0x0
 .note.GNU-stack
                0x0000000000000000        0x0 arch/arm/mach-sunxi/pm/standby/super/resume/resume_head.o
 .note.GNU-stack
                0x0000000000000000        0x0 arch/arm/mach-sunxi/pm/standby/super/common.o
 .note.GNU-stack
                0x0000000000000000        0x0 arch/arm/mach-sunxi/pm/standby/super/super_twi.o
 .note.GNU-stack
                0x0000000000000000        0x0 arch/arm/mach-sunxi/pm/standby/super/super_clock.o
 .note.GNU-stack
                0x0000000000000000        0x0 arch/arm/mach-sunxi/pm/standby/super/super_power.o
 .note.GNU-stack
                0x0000000000000000        0x0 arch/arm/mach-sunxi/pm/standby/super/super_cpus.o
 .note.GNU-stack
                0x0000000000000000        0x0 arch/arm/mach-sunxi/pm/standby/super/resume/resume1_c_part.o
 .note.GNU-stack
                0x0000000000000000        0x0 arch/arm/mach-sunxi/pm/standby/../pm_debug.o
 .note.GNU-stack
                0x0000000000000000        0x0 arch/arm/mach-sunxi/pm/standby/../mem_timing.o
 .note.GNU-stack
                0x0000000000000000        0x0 arch/arm/mach-sunxi/pm/standby/../mem_mmu_pc.o
 .note.GNU-stack
                0x0000000000000000        0x0 arch/arm/mach-sunxi/pm/standby/../mem_cpu.o
 .note.GNU-stack
                0x0000000000000000        0x0 arch/arm/mach-sunxi/pm/standby/../mem_serial.o
 .note.GNU-stack
                0x0000000000000000        0x0 arch/arm/mach-sunxi/pm/standby/../mem_printk.o
 .note.GNU-stack
                0x0000000000000000        0x0 arch/arm/mach-sunxi/pm/standby/../mem_divlibc.o
 .note.GNU-stack
                0x0000000000000000        0x0 arch/arm/mach-sunxi/pm/standby/../mem_int.o
 .note.GNU-stack
                0x0000000000000000        0x0 arch/arm/mach-sunxi/pm/standby/../mem_gpio.o
 .note.GNU-stack
                0x0000000000000000        0x0 arch/arm/mach-sunxi/pm/standby/../mem_tmr.o
 .note.GNU-stack
                0x0000000000000000        0x0 arch/arm/mach-sunxi/pm/standby/../mem_tmstmp.o
 .note.GNU-stack
                0x0000000000000000        0x0 arch/arm/mach-sunxi/pm/standby/../mem_hwspinlock.o
 .note.GNU-stack
                0x0000000000000000        0x0 arch/arm/mach-sunxi/pm/standby/../mem_clk.o

.ARM.attributes
                0x0000000000000000       0x2f
 .ARM.attributes
                0x0000000000000000       0x31 arch/arm/mach-sunxi/pm/standby/super/resume/resume_head.o
 .ARM.attributes
                0x0000000000000031       0x1f arch/arm/mach-sunxi/pm/standby/super/resume/resume1.o
 .ARM.attributes
                0x0000000000000050       0x31 arch/arm/mach-sunxi/pm/standby/super/common.o
 .ARM.attributes
                0x0000000000000081       0x31 arch/arm/mach-sunxi/pm/standby/super/super_twi.o
 .ARM.attributes
                0x00000000000000b2       0x1f arch/arm/mach-sunxi/pm/standby/super/super_delay.o
 .ARM.attributes
                0x00000000000000d1       0x31 arch/arm/mach-sunxi/pm/standby/super/super_clock.o
 .ARM.attributes
                0x0000000000000102       0x31 arch/arm/mach-sunxi/pm/standby/super/super_power.o
 .ARM.attributes
                0x0000000000000133       0x31 arch/arm/mach-sunxi/pm/standby/super/super_cpus.o
 .ARM.attributes
                0x0000000000000164       0x31 arch/arm/mach-sunxi/pm/standby/super/resume/resume1_c_part.o
 .ARM.attributes
                0x0000000000000195       0x31 arch/arm/mach-sunxi/pm/standby/../pm_debug.o
 .ARM.attributes
                0x00000000000001c6       0x31 arch/arm/mach-sunxi/pm/standby/../mem_timing.o
 .ARM.attributes
                0x00000000000001f7       0x31 arch/arm/mach-sunxi/pm/standby/../mem_mmu_pc.o
 .ARM.attributes
                0x0000000000000228       0x1f arch/arm/mach-sunxi/pm/standby/../mem_mmu_pc_asm.o
 .ARM.attributes
                0x0000000000000247       0x31 arch/arm/mach-sunxi/pm/standby/../mem_cpu.o
 .ARM.attributes
                0x0000000000000278       0x31 arch/arm/mach-sunxi/pm/standby/../mem_serial.o
 .ARM.attributes
                0x00000000000002a9       0x31 arch/arm/mach-sunxi/pm/standby/../mem_printk.o
 .ARM.attributes
                0x00000000000002da       0x1f arch/arm/mach-sunxi/pm/standby/../mem_divlib.o
 .ARM.attributes
                0x00000000000002f9       0x31 arch/arm/mach-sunxi/pm/standby/../mem_divlibc.o
 .ARM.attributes
                0x000000000000032a       0x31 arch/arm/mach-sunxi/pm/standby/../mem_int.o
 .ARM.attributes
                0x000000000000035b       0x31 arch/arm/mach-sunxi/pm/standby/../mem_gpio.o
 .ARM.attributes
                0x000000000000038c       0x31 arch/arm/mach-sunxi/pm/standby/../mem_tmr.o
 .ARM.attributes
                0x00000000000003bd       0x31 arch/arm/mach-sunxi/pm/standby/../mem_tmstmp.o
 .ARM.attributes
                0x00000000000003ee       0x31 arch/arm/mach-sunxi/pm/standby/../mem_hwspinlock.o
 .ARM.attributes
                0x000000000000041f       0x31 arch/arm/mach-sunxi/pm/standby/../mem_clk.o

.debug_loc      0x0000000000000000     0x1ac8
 .debug_loc     0x0000000000000000       0xe9 arch/arm/mach-sunxi/pm/standby/super/common.o
 .debug_loc     0x00000000000000e9       0x82 arch/arm/mach-sunxi/pm/standby/super/resume/resume1_c_part.o
 .debug_loc     0x000000000000016b       0x97 arch/arm/mach-sunxi/pm/standby/../pm_debug.o
 .debug_loc     0x0000000000000202      0x2a3 arch/arm/mach-sunxi/pm/standby/../mem_timing.o
 .debug_loc     0x00000000000004a5       0x42 arch/arm/mach-sunxi/pm/standby/../mem_cpu.o
 .debug_loc     0x00000000000004e7      0x529 arch/arm/mach-sunxi/pm/standby/../mem_serial.o
 .debug_loc     0x0000000000000a10      0xa1b arch/arm/mach-sunxi/pm/standby/../mem_printk.o
 .debug_loc     0x000000000000142b       0xee arch/arm/mach-sunxi/pm/standby/../mem_divlibc.o
 .debug_loc     0x0000000000001519      0x1e7 arch/arm/mach-sunxi/pm/standby/../mem_int.o
 .debug_loc     0x0000000000001700       0x84 arch/arm/mach-sunxi/pm/standby/../mem_gpio.o
 .debug_loc     0x0000000000001784       0x6b arch/arm/mach-sunxi/pm/standby/../mem_tmr.o
 .debug_loc     0x00000000000017ef      0x2d9 arch/arm/mach-sunxi/pm/standby/../mem_clk.o

.debug_frame    0x0000000000000000      0x7cc
 .debug_frame   0x0000000000000000       0x20 arch/arm/mach-sunxi/pm/standby/super/common.o
 .debug_frame   0x0000000000000020       0x50 arch/arm/mach-sunxi/pm/standby/super/resume/resume1_c_part.o
 .debug_frame   0x0000000000000070      0x148 arch/arm/mach-sunxi/pm/standby/../pm_debug.o
 .debug_frame   0x00000000000001b8       0xe0 arch/arm/mach-sunxi/pm/standby/../mem_timing.o
 .debug_frame   0x0000000000000298       0x40 arch/arm/mach-sunxi/pm/standby/../mem_mmu_pc.o
 .debug_frame   0x00000000000002d8       0x90 arch/arm/mach-sunxi/pm/standby/../mem_cpu.o
 .debug_frame   0x0000000000000368       0xec arch/arm/mach-sunxi/pm/standby/../mem_serial.o
 .debug_frame   0x0000000000000454      0x12c arch/arm/mach-sunxi/pm/standby/../mem_printk.o
 .debug_frame   0x0000000000000580       0x30 arch/arm/mach-sunxi/pm/standby/../mem_divlibc.o
 .debug_frame   0x00000000000005b0       0x64 arch/arm/mach-sunxi/pm/standby/../mem_int.o
 .debug_frame   0x0000000000000614       0x30 arch/arm/mach-sunxi/pm/standby/../mem_gpio.o
 .debug_frame   0x0000000000000644       0x88 arch/arm/mach-sunxi/pm/standby/../mem_tmr.o
 .debug_frame   0x00000000000006cc      0x100 arch/arm/mach-sunxi/pm/standby/../mem_clk.o

.debug_ranges   0x0000000000000000      0x1b8
 .debug_ranges  0x0000000000000000      0x100 arch/arm/mach-sunxi/pm/standby/../mem_serial.o
 .debug_ranges  0x0000000000000100       0xb8 arch/arm/mach-sunxi/pm/standby/../mem_printk.o
