
Allocating common symbols
Common symbol       size              file

extended_standby_para_info
                    0x144             arch/arm/mach-sunxi/pm/standby/standby.o
power_regu_tree     0x50              arch/arm/mach-sunxi/pm/standby/standby.o
pm_info             0x74              arch/arm/mach-sunxi/pm/standby/standby.o
normal_standby_para_info
                    0x14              arch/arm/mach-sunxi/pm/standby/standby.o

Memory Configuration

Name             Origin             Length             Attributes
*default*        0x0000000000000000 0xffffffffffffffff

Linker script and memory map

                0x0000000000000000                __standby_start = .

.text           0x00000000f0000000     0x35b4
 arch/arm/mach-sunxi/pm/standby/standby.o(.text.startup)
 *(.text)
 .text          0x00000000f0000000      0x3e4 arch/arm/mach-sunxi/pm/standby/standby.o
                0x00000000f0000000                standby_main
 .text          0x00000000f00003e4       0x30 arch/arm/mach-sunxi/pm/standby/common.o
                0x00000000f00003e4                standby_memcpy
 .text          0x00000000f0000414       0xc8 arch/arm/mach-sunxi/pm/standby/standby_clock.o
                0x00000000f0000414                standby_clk_init
                0x00000000f000043c                standby_clk_exit
                0x00000000f0000444                standby_clk_core2hosc
                0x00000000f0000478                standby_clk_ldoenable
                0x00000000f00004b0                standby_clk_pll1enable
 .text          0x00000000f00004dc       0x20 arch/arm/mach-sunxi/pm/standby/standby_ir.o
                0x00000000f00004dc                standby_ir_init
                0x00000000f00004e4                standby_ir_exit
                0x00000000f00004ec                standby_ir_detect
                0x00000000f00004f4                standby_ir_verify
 .text          0x00000000f00004fc       0xa4 arch/arm/mach-sunxi/pm/standby/standby_key.o
                0x00000000f00004fc                standby_key_init
                0x00000000f0000558                standby_key_exit
                0x00000000f0000578                standby_query_key
 .text          0x00000000f00005a0      0x464 arch/arm/mach-sunxi/pm/standby/axp209_power.o
                0x00000000f00007c8                axp209_set_volt
                0x00000000f00009ac                axp209_recovery_volt
 .text          0x00000000f0000a04       0xe4 arch/arm/mach-sunxi/pm/standby/standby_power.o
                0x00000000f0000a04                standby_set_power
                0x00000000f0000a90                standby_recovery_power
 .text          0x00000000f0000ae8      0x328 arch/arm/mach-sunxi/pm/standby/standby_twi.o
                0x00000000f0000ae8                standby_twi_init
                0x00000000f0000b38                standby_twi_exit
                0x00000000f0000b70                twi_byte_rw
 .text          0x00000000f0000e10       0x20 arch/arm/mach-sunxi/pm/standby/standby_usb.o
                0x00000000f0000e10                standby_usb_init
                0x00000000f0000e18                standby_usb_exit
                0x00000000f0000e20                standby_is_usb_status_change
                0x00000000f0000e28                standby_query_usb_event
 .text          0x00000000f0000e30        0x0 arch/arm/mach-sunxi/pm/standby/standby_delay.o
 .text          0x00000000f0000e30      0x17c arch/arm/mach-sunxi/pm/standby/./../pm_debug.o
                0x00000000f0000e30                busy_waiting
                0x00000000f0000e50                save_mem_flag
                0x00000000f0000e54                clear_mem_flag
                0x00000000f0000e58                mem_status_init
                0x00000000f0000e5c                mem_status_init_nommu
                0x00000000f0000e60                mem_status_clear
                0x00000000f0000e80                mem_status_exit
                0x00000000f0000e84                save_mem_status
                0x00000000f0000eac                get_mem_status
                0x00000000f0000ebc                show_mem_status
                0x00000000f0000ef8                save_mem_status_nommu
                0x00000000f0000f14                save_cpux_mem_status_nommu
                0x00000000f0000f30                io_init
                0x00000000f0000f48                io_init_high
                0x00000000f0000f60                io_init_low
                0x00000000f0000f78                io_high
 .text          0x00000000f0000fac      0x200 arch/arm/mach-sunxi/pm/standby/./../mem_timing.o
                0x00000000f0000fac                init_perfcounters
                0x00000000f0000fe0                backup_perfcounter
                0x00000000f0000ffc                restore_perfcounter
                0x00000000f0001018                get_cyclecount
                0x00000000f0001020                reset_counter
                0x00000000f0001030                change_runtime_env
                0x00000000f0001060                delay_us
                0x00000000f00010f4                delay_ms
                0x00000000f0001128                init_event_counter
                0x00000000f0001154                set_event_counter
                0x00000000f0001180                get_event_counter
 *fill*         0x00000000f00011ac       0x14 
 .text          0x00000000f00011c0       0xe0 arch/arm/mach-sunxi/pm/standby/./../mem_mmu_pc.o
                0x00000000f00011c0                save_mmu_state
                0x00000000f00011fc                restore_secure_mmu_state
                0x00000000f0001248                restore_mmu_state
 .text          0x00000000f00012a0      0x550 arch/arm/mach-sunxi/pm/standby/./../mem_mmu_pc_asm.o
                0x00000000f00012a0                save_sp
                0x00000000f00012ac                save_sp_nommu
                0x00000000f00012b8                restore_sp
                0x00000000f00012c0                get_sp
                0x00000000f00012d0                get_cur_cluster_id
                0x00000000f00012e0                invalidate_dcache
                0x00000000f0001374                invalidate_icache
                0x00000000f000138c                flush_dcache
                0x00000000f0001428                flush_icache
                0x00000000f000144c                disable_cache
                0x00000000f000146c                disable_dcache
                0x00000000f0001488                disable_icache
                0x00000000f00014a4                disable_l2cache
                0x00000000f00014c0                enable_cache
                0x00000000f00014e0                enable_icache
                0x00000000f00014fc                invalidate_branch_predictor
                0x00000000f0001514                disable_program_flow_prediction
                0x00000000f0001530                enable_program_flow_prediction
                0x00000000f000154c                mem_flush_tlb
                0x00000000f0001570                mem_preload_tlb
                0x00000000f000167c                disable_mmu
                0x00000000f00016b4                enable_mmu
                0x00000000f00016f4                jump_to_suspend
                0x00000000f0001710                jump_to_resume
                0x00000000f0001730                jump_to_resume0
                0x00000000f0001740                jump_to_resume0_nommu
 .text          0x00000000f00017f0      0x4a8 arch/arm/mach-sunxi/pm/standby/./../mem_serial.o
                0x00000000f000189c                serial_exit
                0x00000000f00018d0                serial_init_nommu
                0x00000000f0001970                serial_puts_nommu
                0x00000000f0001a08                serial_gets_nommu
                0x00000000f0001a9c                serial_init_manager
                0x00000000f0001ab0                serial_exit_manager
                0x00000000f0001ac4                serial_init
                0x00000000f0001b6c                serial_puts
                0x00000000f0001c04                serial_gets
 .text          0x00000000f0001c98      0x838 arch/arm/mach-sunxi/pm/standby/./../mem_printk.o
                0x00000000f0001ee0                printk
                0x00000000f00021d8                printk_nommu
 .text          0x00000000f00024d0      0x1dc arch/arm/mach-sunxi/pm/standby/./../mem_divlib.o
                0x00000000f00024d0                standby_delay
                0x00000000f00024f8                standby_delay_cycle
                0x00000000f0002504                Ldiv0
                0x00000000f0002514                __aeabi_uidiv
                0x00000000f00025b0                __aeabi_idiv
                0x00000000f000267c                __aeabi_uidivmod
                0x00000000f0002694                __aeabi_idivmod
 .text          0x00000000f00026ac       0x5c arch/arm/mach-sunxi/pm/standby/./../mem_divlibc.o
                0x00000000f00026ac                __mem_div0
                0x00000000f00026b8                raw_lib_udiv
 .text          0x00000000f0002708      0x180 arch/arm/mach-sunxi/pm/standby/./../mem_int.o
                0x00000000f0002708                mem_int_init
                0x00000000f0002798                mem_int_exit
                0x00000000f00027e8                mem_enable_int
                0x00000000f0002834                mem_query_int
 .text          0x00000000f0002888       0x58 arch/arm/mach-sunxi/pm/standby/./../mem_gpio.o
                0x00000000f0002888                mem_gpio_save
                0x00000000f00028b4                mem_gpio_restore
 .text          0x00000000f00028e0      0x1e0 arch/arm/mach-sunxi/pm/standby/./../mem_tmr.o
                0x00000000f00028e0                mem_tmr_save
                0x00000000f0002938                mem_tmr_restore
                0x00000000f0002988                mem_tmr_init
                0x00000000f00029bc                mem_tmr_exit
                0x00000000f00029e4                mem_tmr_enable_watchdog
                0x00000000f0002a2c                mem_tmr_disable_watchdog
                0x00000000f0002a6c                mem_tmr_set
 .text          0x00000000f0002ac0        0x0 arch/arm/mach-sunxi/pm/standby/./../mem_tmstmp.o
 .text          0x00000000f0002ac0      0x3b0 arch/arm/mach-sunxi/pm/standby/./../mem_clk.o
                0x00000000f0002ac0                mem_clk_init
                0x00000000f0002afc                mem_get_ba
                0x00000000f0002b0c                mem_clk_save
                0x00000000f0002b48                mem_clk_restore
                0x00000000f0002b7c                mem_clk_setdiv
                0x00000000f0002bf8                mem_clk_getdiv
                0x00000000f0002c40                mem_clk_set_pll_factor
                0x00000000f0002cac                mem_clk_get_pll_factor
                0x00000000f0002cfc                mem_clk_set_misc
                0x00000000f0002d98                mem_clk_get_misc
                0x00000000f0002df8                mem_clk_get_cpu_freq
 .text          0x00000000f0002e70      0x25c arch/arm/mach-sunxi/pm/standby/./arisc/standby_arisc.o
                0x00000000f0002e70                standby_arisc_init
                0x00000000f0002e9c                standby_arisc_exit
                0x00000000f0002ec8                standby_arisc_notify_restore
                0x00000000f0002f40                standby_arisc_check_restore_status
                0x00000000f0002fc4                standby_arisc_query_wakeup_src
                0x00000000f000305c                standby_arisc_standby_normal
 .text          0x00000000f00030cc      0x350 arch/arm/mach-sunxi/pm/standby/./arisc/arisc_hwmsgbox.o
                0x00000000f00030cc                arisc_hwmsgbox_init
                0x00000000f00030d4                arisc_hwmsgbox_exit
                0x00000000f00030dc                arisc_hwmsgbox_send_message
                0x00000000f00031a0                arisc_hwmsgbox_feedback_message
                0x00000000f0003240                arisc_hwmsgbox_enable_receiver_int
                0x00000000f0003294                arisc_hwmsgbox_query_receiver_pending
                0x00000000f00032c0                arisc_hwmsgbox_clear_receiver_pending
                0x00000000f00032e0                arisc_hwmsgbox_query_message
                0x00000000f00033e8                arisc_message_valid
 .text          0x00000000f000341c       0x50 arch/arm/mach-sunxi/pm/standby/./arisc/arisc_hwspinlock.o
                0x00000000f000341c                arisc_hwspinlock_init
                0x00000000f0003424                arisc_hwspinlock_exit
                0x00000000f000342c                arisc_hwspin_lock_timeout
                0x00000000f0003450                arisc_hwspin_unlock
 .text          0x00000000f000346c       0xe0 arch/arm/mach-sunxi/pm/standby/./arisc/arisc_message_manager.o
                0x00000000f000346c                arisc_message_manager_init
                0x00000000f0003494                arisc_message_manager_exit
                0x00000000f000349c                arisc_message_allocate
                0x00000000f0003520                arisc_message_free
 .text          0x00000000f000354c        0x0 arch/arm/mach-sunxi/pm/standby/./../mem_hwspinlock.o
 *(.rodata)
 .rodata        0x00000000f000354c       0x40 arch/arm/mach-sunxi/pm/standby/axp209_power.o
 .rodata        0x00000000f000358c        0xc arch/arm/mach-sunxi/pm/standby/standby_twi.o
 .rodata        0x00000000f0003598       0x10 arch/arm/mach-sunxi/pm/standby/./../mem_timing.o
 .rodata        0x00000000f00035a8        0xc arch/arm/mach-sunxi/pm/standby/./../mem_serial.o

.rodata.str1.4  0x00000000f00035b4      0x258
 .rodata.str1.4
                0x00000000f00035b4      0x1c2 arch/arm/mach-sunxi/pm/standby/standby.o
 *fill*         0x00000000f0003776        0x2 
 .rodata.str1.4
                0x00000000f0003778       0x1a arch/arm/mach-sunxi/pm/standby/standby_power.o
 *fill*         0x00000000f0003792        0x2 
 .rodata.str1.4
                0x00000000f0003794       0x17 arch/arm/mach-sunxi/pm/standby/./../pm_debug.o
 *fill*         0x00000000f00037ab        0x1 
 .rodata.str1.4
                0x00000000f00037ac       0x25 arch/arm/mach-sunxi/pm/standby/./../mem_printk.o
 *fill*         0x00000000f00037d1        0x3 
 .rodata.str1.4
                0x00000000f00037d4       0x1a arch/arm/mach-sunxi/pm/standby/./../mem_divlibc.o
 *fill*         0x00000000f00037ee        0x2 
 .rodata.str1.4
                0x00000000f00037f0       0x1c arch/arm/mach-sunxi/pm/standby/./../mem_int.o
                                         0x1b (size before relaxing)

.glue_7         0x00000000f000380c        0x0
 .glue_7        0x00000000f000380c        0x0 linker stubs

.glue_7t        0x00000000f000380c        0x0
 .glue_7t       0x00000000f000380c        0x0 linker stubs

.vfp11_veneer   0x00000000f000380c        0x0
 .vfp11_veneer  0x00000000f000380c        0x0 linker stubs

.v4_bx          0x00000000f000380c        0x0
 .v4_bx         0x00000000f000380c        0x0 linker stubs

.iplt           0x00000000f000380c        0x0
 .iplt          0x00000000f000380c        0x0 arch/arm/mach-sunxi/pm/standby/standby.o

.rel.dyn        0x00000000f000380c        0x0
 .rel.iplt      0x00000000f000380c        0x0 arch/arm/mach-sunxi/pm/standby/standby.o

.data           0x00000000f000380c       0xac
 *(.data)
 .data          0x00000000f000380c        0x0 arch/arm/mach-sunxi/pm/standby/standby.o
 .data          0x00000000f000380c        0x0 arch/arm/mach-sunxi/pm/standby/common.o
 .data          0x00000000f000380c        0x0 arch/arm/mach-sunxi/pm/standby/standby_clock.o
 .data          0x00000000f000380c        0x0 arch/arm/mach-sunxi/pm/standby/standby_ir.o
 .data          0x00000000f000380c        0x0 arch/arm/mach-sunxi/pm/standby/standby_key.o
 .data          0x00000000f000380c       0xa8 arch/arm/mach-sunxi/pm/standby/axp209_power.o
 .data          0x00000000f00038b4        0x0 arch/arm/mach-sunxi/pm/standby/standby_power.o
 .data          0x00000000f00038b4        0x0 arch/arm/mach-sunxi/pm/standby/standby_twi.o
 .data          0x00000000f00038b4        0x0 arch/arm/mach-sunxi/pm/standby/standby_usb.o
 .data          0x00000000f00038b4        0x0 arch/arm/mach-sunxi/pm/standby/standby_delay.o
 .data          0x00000000f00038b4        0x0 arch/arm/mach-sunxi/pm/standby/./../pm_debug.o
 .data          0x00000000f00038b4        0x0 arch/arm/mach-sunxi/pm/standby/./../mem_timing.o
 .data          0x00000000f00038b4        0x0 arch/arm/mach-sunxi/pm/standby/./../mem_mmu_pc.o
 .data          0x00000000f00038b4        0x0 arch/arm/mach-sunxi/pm/standby/./../mem_mmu_pc_asm.o
 .data          0x00000000f00038b4        0x0 arch/arm/mach-sunxi/pm/standby/./../mem_serial.o
 .data          0x00000000f00038b4        0x0 arch/arm/mach-sunxi/pm/standby/./../mem_printk.o
 .data          0x00000000f00038b4        0x0 arch/arm/mach-sunxi/pm/standby/./../mem_divlib.o
 .data          0x00000000f00038b4        0x0 arch/arm/mach-sunxi/pm/standby/./../mem_divlibc.o
 .data          0x00000000f00038b4        0x0 arch/arm/mach-sunxi/pm/standby/./../mem_int.o
 .data          0x00000000f00038b4        0x0 arch/arm/mach-sunxi/pm/standby/./../mem_gpio.o
 .data          0x00000000f00038b4        0x0 arch/arm/mach-sunxi/pm/standby/./../mem_tmr.o
 .data          0x00000000f00038b4        0x0 arch/arm/mach-sunxi/pm/standby/./../mem_tmstmp.o
 .data          0x00000000f00038b4        0x0 arch/arm/mach-sunxi/pm/standby/./../mem_clk.o
 .data          0x00000000f00038b4        0x4 arch/arm/mach-sunxi/pm/standby/./arisc/standby_arisc.o
                0x00000000f00038b4                arisc_sram_a2_vbase
 .data          0x00000000f00038b8        0x0 arch/arm/mach-sunxi/pm/standby/./arisc/arisc_hwmsgbox.o
 .data          0x00000000f00038b8        0x0 arch/arm/mach-sunxi/pm/standby/./arisc/arisc_hwspinlock.o
 .data          0x00000000f00038b8        0x0 arch/arm/mach-sunxi/pm/standby/./arisc/arisc_message_manager.o
 .data          0x00000000f00038b8        0x0 arch/arm/mach-sunxi/pm/standby/./../mem_hwspinlock.o
                0x00000000f00038b8                __bss_start = .

.igot.plt       0x00000000f00038b8        0x0
 .igot.plt      0x00000000f00038b8        0x0 arch/arm/mach-sunxi/pm/standby/standby.o

.bss            0x00000000f00038b8      0x3d4
 *(.sbss)
 *(.scommon)
 *(.bss)
 .bss           0x00000000f00038b8       0x24 arch/arm/mach-sunxi/pm/standby/standby.o
                0x00000000f00038bc                d_cache_miss_start
                0x00000000f00038c0                d_tlb_miss_start
                0x00000000f00038c4                i_tlb_miss_start
                0x00000000f00038c8                i_cache_miss_start
                0x00000000f00038cc                d_cache_miss_end
                0x00000000f00038d0                d_tlb_miss_end
                0x00000000f00038d4                i_tlb_miss_end
                0x00000000f00038d8                i_cache_miss_end
 .bss           0x00000000f00038dc        0x0 arch/arm/mach-sunxi/pm/standby/common.o
 .bss           0x00000000f00038dc       0x10 arch/arm/mach-sunxi/pm/standby/standby_clock.o
 .bss           0x00000000f00038ec        0x0 arch/arm/mach-sunxi/pm/standby/standby_ir.o
 .bss           0x00000000f00038ec        0xc arch/arm/mach-sunxi/pm/standby/standby_key.o
 .bss           0x00000000f00038f8       0x18 arch/arm/mach-sunxi/pm/standby/axp209_power.o
 .bss           0x00000000f0003910        0x0 arch/arm/mach-sunxi/pm/standby/standby_power.o
 .bss           0x00000000f0003910        0xc arch/arm/mach-sunxi/pm/standby/standby_twi.o
 .bss           0x00000000f000391c        0x0 arch/arm/mach-sunxi/pm/standby/standby_usb.o
 .bss           0x00000000f000391c        0x0 arch/arm/mach-sunxi/pm/standby/standby_delay.o
 .bss           0x00000000f000391c        0x4 arch/arm/mach-sunxi/pm/standby/./../pm_debug.o
                0x00000000f000391c                print_flag
 .bss           0x00000000f0003920       0x10 arch/arm/mach-sunxi/pm/standby/./../mem_timing.o
 .bss           0x00000000f0003930        0x0 arch/arm/mach-sunxi/pm/standby/./../mem_mmu_pc.o
 .bss           0x00000000f0003930        0x0 arch/arm/mach-sunxi/pm/standby/./../mem_mmu_pc_asm.o
 .bss           0x00000000f0003930       0x10 arch/arm/mach-sunxi/pm/standby/./../mem_serial.o
 .bss           0x00000000f0003940      0x100 arch/arm/mach-sunxi/pm/standby/./../mem_printk.o
 .bss           0x00000000f0003a40        0x0 arch/arm/mach-sunxi/pm/standby/./../mem_divlib.o
 .bss           0x00000000f0003a40        0x0 arch/arm/mach-sunxi/pm/standby/./../mem_divlibc.o
 .bss           0x00000000f0003a40        0x4 arch/arm/mach-sunxi/pm/standby/./../mem_int.o
 .bss           0x00000000f0003a44        0x0 arch/arm/mach-sunxi/pm/standby/./../mem_gpio.o
 .bss           0x00000000f0003a44       0x10 arch/arm/mach-sunxi/pm/standby/./../mem_tmr.o
 .bss           0x00000000f0003a54        0x0 arch/arm/mach-sunxi/pm/standby/./../mem_tmstmp.o
 .bss           0x00000000f0003a54        0xc arch/arm/mach-sunxi/pm/standby/./../mem_clk.o
 .bss           0x00000000f0003a60        0x8 arch/arm/mach-sunxi/pm/standby/./arisc/standby_arisc.o
 .bss           0x00000000f0003a68        0x0 arch/arm/mach-sunxi/pm/standby/./arisc/arisc_hwmsgbox.o
 .bss           0x00000000f0003a68        0x0 arch/arm/mach-sunxi/pm/standby/./arisc/arisc_hwspinlock.o
 .bss           0x00000000f0003a68        0x8 arch/arm/mach-sunxi/pm/standby/./arisc/arisc_message_manager.o
 .bss           0x00000000f0003a70        0x0 arch/arm/mach-sunxi/pm/standby/./../mem_hwspinlock.o
 *(COMMON)
 COMMON         0x00000000f0003a70      0x21c arch/arm/mach-sunxi/pm/standby/standby.o
                0x00000000f0003a70                extended_standby_para_info
                0x00000000f0003bb4                power_regu_tree
                0x00000000f0003c04                pm_info
                0x00000000f0003c78                normal_standby_para_info
                0x00000000f0003c8c                __bss_end = .
                0x00000000f0003c8c                __standby_end = .
LOAD arch/arm/mach-sunxi/pm/standby/common.o
LOAD arch/arm/mach-sunxi/pm/standby/standby_clock.o
LOAD arch/arm/mach-sunxi/pm/standby/standby_ir.o
LOAD arch/arm/mach-sunxi/pm/standby/standby_key.o
LOAD arch/arm/mach-sunxi/pm/standby/axp209_power.o
LOAD arch/arm/mach-sunxi/pm/standby/standby_power.o
LOAD arch/arm/mach-sunxi/pm/standby/standby_twi.o
LOAD arch/arm/mach-sunxi/pm/standby/standby_usb.o
LOAD arch/arm/mach-sunxi/pm/standby/standby_delay.o
LOAD arch/arm/mach-sunxi/pm/standby/./../pm_debug.o
LOAD arch/arm/mach-sunxi/pm/standby/./../mem_timing.o
LOAD arch/arm/mach-sunxi/pm/standby/./../mem_mmu_pc.o
LOAD arch/arm/mach-sunxi/pm/standby/./../mem_mmu_pc_asm.o
LOAD arch/arm/mach-sunxi/pm/standby/./../mem_serial.o
LOAD arch/arm/mach-sunxi/pm/standby/./../mem_printk.o
LOAD arch/arm/mach-sunxi/pm/standby/./../mem_divlib.o
LOAD arch/arm/mach-sunxi/pm/standby/./../mem_divlibc.o
LOAD arch/arm/mach-sunxi/pm/standby/./../mem_int.o
LOAD arch/arm/mach-sunxi/pm/standby/./../mem_gpio.o
LOAD arch/arm/mach-sunxi/pm/standby/./../mem_tmr.o
LOAD arch/arm/mach-sunxi/pm/standby/./../mem_tmstmp.o
LOAD arch/arm/mach-sunxi/pm/standby/./../mem_clk.o
LOAD arch/arm/mach-sunxi/pm/standby/standby.o
LOAD arch/arm/mach-sunxi/pm/standby/./arisc/standby_arisc.o
LOAD arch/arm/mach-sunxi/pm/standby/./arisc/arisc_hwmsgbox.o
LOAD arch/arm/mach-sunxi/pm/standby/./arisc/arisc_hwspinlock.o
LOAD arch/arm/mach-sunxi/pm/standby/./arisc/arisc_message_manager.o
LOAD arch/arm/mach-sunxi/pm/standby/./../mem_hwspinlock.o
OUTPUT(arch/arm/mach-sunxi/pm/standby/standby.elf elf32-littlearm)

.debug_info     0x0000000000000000    0x11c9b
 .debug_info    0x0000000000000000     0x1138 arch/arm/mach-sunxi/pm/standby/standby.o
 .debug_info    0x0000000000001138      0x7eb arch/arm/mach-sunxi/pm/standby/common.o
 .debug_info    0x0000000000001923     0x180e arch/arm/mach-sunxi/pm/standby/standby_clock.o
 .debug_info    0x0000000000003131      0x7d7 arch/arm/mach-sunxi/pm/standby/standby_ir.o
 .debug_info    0x0000000000003908      0x940 arch/arm/mach-sunxi/pm/standby/standby_key.o
 .debug_info    0x0000000000004248      0xd30 arch/arm/mach-sunxi/pm/standby/axp209_power.o
 .debug_info    0x0000000000004f78      0x939 arch/arm/mach-sunxi/pm/standby/standby_power.o
 .debug_info    0x00000000000058b1      0xa40 arch/arm/mach-sunxi/pm/standby/standby_twi.o
 .debug_info    0x00000000000062f1      0x7f5 arch/arm/mach-sunxi/pm/standby/standby_usb.o
 .debug_info    0x0000000000006ae6      0x86d arch/arm/mach-sunxi/pm/standby/./../pm_debug.o
 .debug_info    0x0000000000007353      0xab3 arch/arm/mach-sunxi/pm/standby/./../mem_timing.o
 .debug_info    0x0000000000007e06      0x653 arch/arm/mach-sunxi/pm/standby/./../mem_mmu_pc.o
 .debug_info    0x0000000000008459       0x8e arch/arm/mach-sunxi/pm/standby/./../mem_mmu_pc_asm.o
 .debug_info    0x00000000000084e7     0x1b44 arch/arm/mach-sunxi/pm/standby/./../mem_serial.o
 .debug_info    0x000000000000a02b      0xf25 arch/arm/mach-sunxi/pm/standby/./../mem_printk.o
 .debug_info    0x000000000000af50       0x8a arch/arm/mach-sunxi/pm/standby/./../mem_divlib.o
 .debug_info    0x000000000000afda      0x68c arch/arm/mach-sunxi/pm/standby/./../mem_divlibc.o
 .debug_info    0x000000000000b666      0x862 arch/arm/mach-sunxi/pm/standby/./../mem_int.o
 .debug_info    0x000000000000bec8      0x68b arch/arm/mach-sunxi/pm/standby/./../mem_gpio.o
 .debug_info    0x000000000000c553      0x9a2 arch/arm/mach-sunxi/pm/standby/./../mem_tmr.o
 .debug_info    0x000000000000cef5      0x5e0 arch/arm/mach-sunxi/pm/standby/./../mem_tmstmp.o
 .debug_info    0x000000000000d4d5     0x1845 arch/arm/mach-sunxi/pm/standby/./../mem_clk.o
 .debug_info    0x000000000000ed1a      0xc19 arch/arm/mach-sunxi/pm/standby/./arisc/standby_arisc.o
 .debug_info    0x000000000000f933      0xb35 arch/arm/mach-sunxi/pm/standby/./arisc/arisc_hwmsgbox.o
 .debug_info    0x0000000000010468      0x816 arch/arm/mach-sunxi/pm/standby/./arisc/arisc_hwspinlock.o
 .debug_info    0x0000000000010c7e      0xa3d arch/arm/mach-sunxi/pm/standby/./arisc/arisc_message_manager.o
 .debug_info    0x00000000000116bb      0x5e0 arch/arm/mach-sunxi/pm/standby/./../mem_hwspinlock.o

.debug_abbrev   0x0000000000000000     0x3094
 .debug_abbrev  0x0000000000000000      0x26c arch/arm/mach-sunxi/pm/standby/standby.o
 .debug_abbrev  0x000000000000026c      0x153 arch/arm/mach-sunxi/pm/standby/common.o
 .debug_abbrev  0x00000000000003bf      0x21e arch/arm/mach-sunxi/pm/standby/standby_clock.o
 .debug_abbrev  0x00000000000005dd      0x15a arch/arm/mach-sunxi/pm/standby/standby_ir.o
 .debug_abbrev  0x0000000000000737      0x1ab arch/arm/mach-sunxi/pm/standby/standby_key.o
 .debug_abbrev  0x00000000000008e2      0x27b arch/arm/mach-sunxi/pm/standby/axp209_power.o
 .debug_abbrev  0x0000000000000b5d      0x1be arch/arm/mach-sunxi/pm/standby/standby_power.o
 .debug_abbrev  0x0000000000000d1b      0x218 arch/arm/mach-sunxi/pm/standby/standby_twi.o
 .debug_abbrev  0x0000000000000f33      0x185 arch/arm/mach-sunxi/pm/standby/standby_usb.o
 .debug_abbrev  0x00000000000010b8      0x24b arch/arm/mach-sunxi/pm/standby/./../pm_debug.o
 .debug_abbrev  0x0000000000001303      0x2eb arch/arm/mach-sunxi/pm/standby/./../mem_timing.o
 .debug_abbrev  0x00000000000015ee      0x14d arch/arm/mach-sunxi/pm/standby/./../mem_mmu_pc.o
 .debug_abbrev  0x000000000000173b       0x14 arch/arm/mach-sunxi/pm/standby/./../mem_mmu_pc_asm.o
 .debug_abbrev  0x000000000000174f      0x399 arch/arm/mach-sunxi/pm/standby/./../mem_serial.o
 .debug_abbrev  0x0000000000001ae8      0x301 arch/arm/mach-sunxi/pm/standby/./../mem_printk.o
 .debug_abbrev  0x0000000000001de9       0x14 arch/arm/mach-sunxi/pm/standby/./../mem_divlib.o
 .debug_abbrev  0x0000000000001dfd      0x18b arch/arm/mach-sunxi/pm/standby/./../mem_divlibc.o
 .debug_abbrev  0x0000000000001f88      0x1b3 arch/arm/mach-sunxi/pm/standby/./../mem_int.o
 .debug_abbrev  0x000000000000213b      0x16f arch/arm/mach-sunxi/pm/standby/./../mem_gpio.o
 .debug_abbrev  0x00000000000022aa      0x1ac arch/arm/mach-sunxi/pm/standby/./../mem_tmr.o
 .debug_abbrev  0x0000000000002456      0x108 arch/arm/mach-sunxi/pm/standby/./../mem_tmstmp.o
 .debug_abbrev  0x000000000000255e      0x253 arch/arm/mach-sunxi/pm/standby/./../mem_clk.o
 .debug_abbrev  0x00000000000027b1      0x1d3 arch/arm/mach-sunxi/pm/standby/./arisc/standby_arisc.o
 .debug_abbrev  0x0000000000002984      0x291 arch/arm/mach-sunxi/pm/standby/./arisc/arisc_hwmsgbox.o
 .debug_abbrev  0x0000000000002c15      0x17a arch/arm/mach-sunxi/pm/standby/./arisc/arisc_hwspinlock.o
 .debug_abbrev  0x0000000000002d8f      0x1fd arch/arm/mach-sunxi/pm/standby/./arisc/arisc_message_manager.o
 .debug_abbrev  0x0000000000002f8c      0x108 arch/arm/mach-sunxi/pm/standby/./../mem_hwspinlock.o

.debug_loc      0x0000000000000000     0x29d5
 .debug_loc     0x0000000000000000       0x49 arch/arm/mach-sunxi/pm/standby/standby.o
 .debug_loc     0x0000000000000049      0x11a arch/arm/mach-sunxi/pm/standby/common.o
 .debug_loc     0x0000000000000163       0x2e arch/arm/mach-sunxi/pm/standby/standby_clock.o
 .debug_loc     0x0000000000000191      0x4b7 arch/arm/mach-sunxi/pm/standby/axp209_power.o
 .debug_loc     0x0000000000000648      0x18d arch/arm/mach-sunxi/pm/standby/standby_power.o
 .debug_loc     0x00000000000007d5      0x35f arch/arm/mach-sunxi/pm/standby/standby_twi.o
 .debug_loc     0x0000000000000b34       0x21 arch/arm/mach-sunxi/pm/standby/standby_usb.o
 .debug_loc     0x0000000000000b55       0x97 arch/arm/mach-sunxi/pm/standby/./../pm_debug.o
 .debug_loc     0x0000000000000bec      0x2a3 arch/arm/mach-sunxi/pm/standby/./../mem_timing.o
 .debug_loc     0x0000000000000e8f      0x529 arch/arm/mach-sunxi/pm/standby/./../mem_serial.o
 .debug_loc     0x00000000000013b8      0xa1b arch/arm/mach-sunxi/pm/standby/./../mem_printk.o
 .debug_loc     0x0000000000001dd3       0xee arch/arm/mach-sunxi/pm/standby/./../mem_divlibc.o
 .debug_loc     0x0000000000001ec1      0x1e7 arch/arm/mach-sunxi/pm/standby/./../mem_int.o
 .debug_loc     0x00000000000020a8       0x84 arch/arm/mach-sunxi/pm/standby/./../mem_gpio.o
 .debug_loc     0x000000000000212c       0x6b arch/arm/mach-sunxi/pm/standby/./../mem_tmr.o
 .debug_loc     0x0000000000002197      0x2d9 arch/arm/mach-sunxi/pm/standby/./../mem_clk.o
 .debug_loc     0x0000000000002470      0x1e2 arch/arm/mach-sunxi/pm/standby/./arisc/standby_arisc.o
 .debug_loc     0x0000000000002652      0x294 arch/arm/mach-sunxi/pm/standby/./arisc/arisc_hwmsgbox.o
 .debug_loc     0x00000000000028e6       0x42 arch/arm/mach-sunxi/pm/standby/./arisc/arisc_hwspinlock.o
 .debug_loc     0x0000000000002928       0xad arch/arm/mach-sunxi/pm/standby/./arisc/arisc_message_manager.o

.debug_aranges  0x0000000000000000      0x350
 .debug_aranges
                0x0000000000000000       0x20 arch/arm/mach-sunxi/pm/standby/standby.o
 .debug_aranges
                0x0000000000000020       0x20 arch/arm/mach-sunxi/pm/standby/common.o
 .debug_aranges
                0x0000000000000040       0x20 arch/arm/mach-sunxi/pm/standby/standby_clock.o
 .debug_aranges
                0x0000000000000060       0x20 arch/arm/mach-sunxi/pm/standby/standby_ir.o
 .debug_aranges
                0x0000000000000080       0x20 arch/arm/mach-sunxi/pm/standby/standby_key.o
 .debug_aranges
                0x00000000000000a0       0x20 arch/arm/mach-sunxi/pm/standby/axp209_power.o
 .debug_aranges
                0x00000000000000c0       0x20 arch/arm/mach-sunxi/pm/standby/standby_power.o
 .debug_aranges
                0x00000000000000e0       0x20 arch/arm/mach-sunxi/pm/standby/standby_twi.o
 .debug_aranges
                0x0000000000000100       0x20 arch/arm/mach-sunxi/pm/standby/standby_usb.o
 .debug_aranges
                0x0000000000000120       0x20 arch/arm/mach-sunxi/pm/standby/./../pm_debug.o
 .debug_aranges
                0x0000000000000140       0x20 arch/arm/mach-sunxi/pm/standby/./../mem_timing.o
 .debug_aranges
                0x0000000000000160       0x20 arch/arm/mach-sunxi/pm/standby/./../mem_mmu_pc.o
 .debug_aranges
                0x0000000000000180       0x20 arch/arm/mach-sunxi/pm/standby/./../mem_mmu_pc_asm.o
 .debug_aranges
                0x00000000000001a0       0x20 arch/arm/mach-sunxi/pm/standby/./../mem_serial.o
 .debug_aranges
                0x00000000000001c0       0x20 arch/arm/mach-sunxi/pm/standby/./../mem_printk.o
 .debug_aranges
                0x00000000000001e0       0x20 arch/arm/mach-sunxi/pm/standby/./../mem_divlib.o
 .debug_aranges
                0x0000000000000200       0x20 arch/arm/mach-sunxi/pm/standby/./../mem_divlibc.o
 .debug_aranges
                0x0000000000000220       0x20 arch/arm/mach-sunxi/pm/standby/./../mem_int.o
 .debug_aranges
                0x0000000000000240       0x20 arch/arm/mach-sunxi/pm/standby/./../mem_gpio.o
 .debug_aranges
                0x0000000000000260       0x20 arch/arm/mach-sunxi/pm/standby/./../mem_tmr.o
 .debug_aranges
                0x0000000000000280       0x18 arch/arm/mach-sunxi/pm/standby/./../mem_tmstmp.o
 .debug_aranges
                0x0000000000000298       0x20 arch/arm/mach-sunxi/pm/standby/./../mem_clk.o
 .debug_aranges
                0x00000000000002b8       0x20 arch/arm/mach-sunxi/pm/standby/./arisc/standby_arisc.o
 .debug_aranges
                0x00000000000002d8       0x20 arch/arm/mach-sunxi/pm/standby/./arisc/arisc_hwmsgbox.o
 .debug_aranges
                0x00000000000002f8       0x20 arch/arm/mach-sunxi/pm/standby/./arisc/arisc_hwspinlock.o
 .debug_aranges
                0x0000000000000318       0x20 arch/arm/mach-sunxi/pm/standby/./arisc/arisc_message_manager.o
 .debug_aranges
                0x0000000000000338       0x18 arch/arm/mach-sunxi/pm/standby/./../mem_hwspinlock.o

.debug_ranges   0x0000000000000000      0x2c8
 .debug_ranges  0x0000000000000000       0x48 arch/arm/mach-sunxi/pm/standby/standby.o
 .debug_ranges  0x0000000000000048       0x58 arch/arm/mach-sunxi/pm/standby/axp209_power.o
 .debug_ranges  0x00000000000000a0      0x100 arch/arm/mach-sunxi/pm/standby/./../mem_serial.o
 .debug_ranges  0x00000000000001a0       0xb8 arch/arm/mach-sunxi/pm/standby/./../mem_printk.o
 .debug_ranges  0x0000000000000258       0x70 arch/arm/mach-sunxi/pm/standby/./arisc/arisc_hwmsgbox.o

.debug_line     0x0000000000000000     0x28fd
 .debug_line    0x0000000000000000      0x238 arch/arm/mach-sunxi/pm/standby/standby.o
 .debug_line    0x0000000000000238      0x122 arch/arm/mach-sunxi/pm/standby/common.o
 .debug_line    0x000000000000035a      0x157 arch/arm/mach-sunxi/pm/standby/standby_clock.o
 .debug_line    0x00000000000004b1      0x112 arch/arm/mach-sunxi/pm/standby/standby_ir.o
 .debug_line    0x00000000000005c3      0x154 arch/arm/mach-sunxi/pm/standby/standby_key.o
 .debug_line    0x0000000000000717      0x20a arch/arm/mach-sunxi/pm/standby/axp209_power.o
 .debug_line    0x0000000000000921      0x162 arch/arm/mach-sunxi/pm/standby/standby_power.o
 .debug_line    0x0000000000000a83      0x1f1 arch/arm/mach-sunxi/pm/standby/standby_twi.o
 .debug_line    0x0000000000000c74      0x116 arch/arm/mach-sunxi/pm/standby/standby_usb.o
 .debug_line    0x0000000000000d8a      0x12f arch/arm/mach-sunxi/pm/standby/./../pm_debug.o
 .debug_line    0x0000000000000eb9      0x16e arch/arm/mach-sunxi/pm/standby/./../mem_timing.o
 .debug_line    0x0000000000001027      0x115 arch/arm/mach-sunxi/pm/standby/./../mem_mmu_pc.o
 .debug_line    0x000000000000113c      0x1b6 arch/arm/mach-sunxi/pm/standby/./../mem_mmu_pc_asm.o
 .debug_line    0x00000000000012f2      0x259 arch/arm/mach-sunxi/pm/standby/./../mem_serial.o
 .debug_line    0x000000000000154b      0x360 arch/arm/mach-sunxi/pm/standby/./../mem_printk.o
 .debug_line    0x00000000000018ab       0xaf arch/arm/mach-sunxi/pm/standby/./../mem_divlib.o
 .debug_line    0x000000000000195a       0xf3 arch/arm/mach-sunxi/pm/standby/./../mem_divlibc.o
 .debug_line    0x0000000000001a4d      0x158 arch/arm/mach-sunxi/pm/standby/./../mem_int.o
 .debug_line    0x0000000000001ba5      0x106 arch/arm/mach-sunxi/pm/standby/./../mem_gpio.o
 .debug_line    0x0000000000001cab      0x13a arch/arm/mach-sunxi/pm/standby/./../mem_tmr.o
 .debug_line    0x0000000000001de5       0xae arch/arm/mach-sunxi/pm/standby/./../mem_tmstmp.o
 .debug_line    0x0000000000001e93      0x207 arch/arm/mach-sunxi/pm/standby/./../mem_clk.o
 .debug_line    0x000000000000209a      0x211 arch/arm/mach-sunxi/pm/standby/./arisc/standby_arisc.o
 .debug_line    0x00000000000022ab      0x270 arch/arm/mach-sunxi/pm/standby/./arisc/arisc_hwmsgbox.o
 .debug_line    0x000000000000251b      0x179 arch/arm/mach-sunxi/pm/standby/./arisc/arisc_hwspinlock.o
 .debug_line    0x0000000000002694      0x1bb arch/arm/mach-sunxi/pm/standby/./arisc/arisc_message_manager.o
 .debug_line    0x000000000000284f       0xae arch/arm/mach-sunxi/pm/standby/./../mem_hwspinlock.o

.debug_str      0x0000000000000000     0x2a7e
 .debug_str     0x0000000000000000      0xeb2 arch/arm/mach-sunxi/pm/standby/standby.o
                                        0xf55 (size before relaxing)
 .debug_str     0x0000000000000eb2       0x38 arch/arm/mach-sunxi/pm/standby/common.o
                                        0x7b5 (size before relaxing)
 .debug_str     0x0000000000000eea      0x809 arch/arm/mach-sunxi/pm/standby/standby_clock.o
                                       0x10ec (size before relaxing)
 .debug_str     0x00000000000016f3       0x70 arch/arm/mach-sunxi/pm/standby/standby_ir.o
                                        0x7df (size before relaxing)
 .debug_str     0x0000000000001763       0xf1 arch/arm/mach-sunxi/pm/standby/standby_key.o
                                        0x991 (size before relaxing)
 .debug_str     0x0000000000001854      0x228 arch/arm/mach-sunxi/pm/standby/axp209_power.o
                                        0xad8 (size before relaxing)
 .debug_str     0x0000000000001a7c       0xd6 arch/arm/mach-sunxi/pm/standby/standby_power.o
                                        0x89d (size before relaxing)
 .debug_str     0x0000000000001b52      0x127 arch/arm/mach-sunxi/pm/standby/standby_twi.o
                                        0x9e4 (size before relaxing)
 .debug_str     0x0000000000001c79       0x84 arch/arm/mach-sunxi/pm/standby/standby_usb.o
                                        0x7f8 (size before relaxing)
 .debug_str     0x0000000000001cfd      0x12c arch/arm/mach-sunxi/pm/standby/./../pm_debug.o
                                        0x89e (size before relaxing)
 .debug_str     0x0000000000001e29      0x139 arch/arm/mach-sunxi/pm/standby/./../mem_timing.o
                                        0x969 (size before relaxing)
 .debug_str     0x0000000000001f62       0x6b arch/arm/mach-sunxi/pm/standby/./../mem_mmu_pc.o
                                        0x6ac (size before relaxing)
 .debug_str     0x0000000000001fcd      0x194 arch/arm/mach-sunxi/pm/standby/./../mem_serial.o
                                       0x10cb (size before relaxing)
 .debug_str     0x0000000000002161       0xe0 arch/arm/mach-sunxi/pm/standby/./../mem_printk.o
                                        0x887 (size before relaxing)
 .debug_str     0x0000000000002241       0x5e arch/arm/mach-sunxi/pm/standby/./../mem_divlibc.o
                                        0x6bf (size before relaxing)
 .debug_str     0x000000000000229f       0x89 arch/arm/mach-sunxi/pm/standby/./../mem_int.o
                                        0x9de (size before relaxing)
 .debug_str     0x0000000000002328       0x68 arch/arm/mach-sunxi/pm/standby/./../mem_gpio.o
                                        0x6ba (size before relaxing)
 .debug_str     0x0000000000002390      0x212 arch/arm/mach-sunxi/pm/standby/./../mem_tmr.o
                                        0x9ef (size before relaxing)
 .debug_str     0x00000000000025a2       0x31 arch/arm/mach-sunxi/pm/standby/./../mem_tmstmp.o
                                        0x672 (size before relaxing)
 .debug_str     0x00000000000025d3       0xd1 arch/arm/mach-sunxi/pm/standby/./../mem_clk.o
                                       0x1046 (size before relaxing)
 .debug_str     0x00000000000026a4      0x1c6 arch/arm/mach-sunxi/pm/standby/./arisc/standby_arisc.o
                                        0xb11 (size before relaxing)
 .debug_str     0x000000000000286a      0x109 arch/arm/mach-sunxi/pm/standby/./arisc/arisc_hwmsgbox.o
                                        0x973 (size before relaxing)
 .debug_str     0x0000000000002973       0x6d arch/arm/mach-sunxi/pm/standby/./arisc/arisc_hwspinlock.o
                                        0x816 (size before relaxing)
 .debug_str     0x00000000000029e0       0x69 arch/arm/mach-sunxi/pm/standby/./arisc/arisc_message_manager.o
                                        0x9ea (size before relaxing)
 .debug_str     0x0000000000002a49       0x35 arch/arm/mach-sunxi/pm/standby/./../mem_hwspinlock.o
                                        0x676 (size before relaxing)

.comment        0x0000000000000000       0x2d
 .comment       0x0000000000000000       0x2d arch/arm/mach-sunxi/pm/standby/standby.o
                                         0x2e (size before relaxing)
 .comment       0x000000000000002d       0x2e arch/arm/mach-sunxi/pm/standby/common.o
 .comment       0x000000000000002d       0x2e arch/arm/mach-sunxi/pm/standby/standby_clock.o
 .comment       0x000000000000002d       0x2e arch/arm/mach-sunxi/pm/standby/standby_ir.o
 .comment       0x000000000000002d       0x2e arch/arm/mach-sunxi/pm/standby/standby_key.o
 .comment       0x000000000000002d       0x2e arch/arm/mach-sunxi/pm/standby/axp209_power.o
 .comment       0x000000000000002d       0x2e arch/arm/mach-sunxi/pm/standby/standby_power.o
 .comment       0x000000000000002d       0x2e arch/arm/mach-sunxi/pm/standby/standby_twi.o
 .comment       0x000000000000002d       0x2e arch/arm/mach-sunxi/pm/standby/standby_usb.o
 .comment       0x000000000000002d       0x2e arch/arm/mach-sunxi/pm/standby/./../pm_debug.o
 .comment       0x000000000000002d       0x2e arch/arm/mach-sunxi/pm/standby/./../mem_timing.o
 .comment       0x000000000000002d       0x2e arch/arm/mach-sunxi/pm/standby/./../mem_mmu_pc.o
 .comment       0x000000000000002d       0x2e arch/arm/mach-sunxi/pm/standby/./../mem_serial.o
 .comment       0x000000000000002d       0x2e arch/arm/mach-sunxi/pm/standby/./../mem_printk.o
 .comment       0x000000000000002d       0x2e arch/arm/mach-sunxi/pm/standby/./../mem_divlibc.o
 .comment       0x000000000000002d       0x2e arch/arm/mach-sunxi/pm/standby/./../mem_int.o
 .comment       0x000000000000002d       0x2e arch/arm/mach-sunxi/pm/standby/./../mem_gpio.o
 .comment       0x000000000000002d       0x2e arch/arm/mach-sunxi/pm/standby/./../mem_tmr.o
 .comment       0x000000000000002d       0x2e arch/arm/mach-sunxi/pm/standby/./../mem_tmstmp.o
 .comment       0x000000000000002d       0x2e arch/arm/mach-sunxi/pm/standby/./../mem_clk.o
 .comment       0x000000000000002d       0x2e arch/arm/mach-sunxi/pm/standby/./arisc/standby_arisc.o
 .comment       0x000000000000002d       0x2e arch/arm/mach-sunxi/pm/standby/./arisc/arisc_hwmsgbox.o
 .comment       0x000000000000002d       0x2e arch/arm/mach-sunxi/pm/standby/./arisc/arisc_hwspinlock.o
 .comment       0x000000000000002d       0x2e arch/arm/mach-sunxi/pm/standby/./arisc/arisc_message_manager.o
 .comment       0x000000000000002d       0x2e arch/arm/mach-sunxi/pm/standby/./../mem_hwspinlock.o

.note.GNU-stack
                0x0000000000000000        0x0
 .note.GNU-stack
                0x0000000000000000        0x0 arch/arm/mach-sunxi/pm/standby/standby.o
 .note.GNU-stack
                0x0000000000000000        0x0 arch/arm/mach-sunxi/pm/standby/common.o
 .note.GNU-stack
                0x0000000000000000        0x0 arch/arm/mach-sunxi/pm/standby/standby_clock.o
 .note.GNU-stack
                0x0000000000000000        0x0 arch/arm/mach-sunxi/pm/standby/standby_ir.o
 .note.GNU-stack
                0x0000000000000000        0x0 arch/arm/mach-sunxi/pm/standby/standby_key.o
 .note.GNU-stack
                0x0000000000000000        0x0 arch/arm/mach-sunxi/pm/standby/axp209_power.o
 .note.GNU-stack
                0x0000000000000000        0x0 arch/arm/mach-sunxi/pm/standby/standby_power.o
 .note.GNU-stack
                0x0000000000000000        0x0 arch/arm/mach-sunxi/pm/standby/standby_twi.o
 .note.GNU-stack
                0x0000000000000000        0x0 arch/arm/mach-sunxi/pm/standby/standby_usb.o
 .note.GNU-stack
                0x0000000000000000        0x0 arch/arm/mach-sunxi/pm/standby/./../pm_debug.o
 .note.GNU-stack
                0x0000000000000000        0x0 arch/arm/mach-sunxi/pm/standby/./../mem_timing.o
 .note.GNU-stack
                0x0000000000000000        0x0 arch/arm/mach-sunxi/pm/standby/./../mem_mmu_pc.o
 .note.GNU-stack
                0x0000000000000000        0x0 arch/arm/mach-sunxi/pm/standby/./../mem_serial.o
 .note.GNU-stack
                0x0000000000000000        0x0 arch/arm/mach-sunxi/pm/standby/./../mem_printk.o
 .note.GNU-stack
                0x0000000000000000        0x0 arch/arm/mach-sunxi/pm/standby/./../mem_divlibc.o
 .note.GNU-stack
                0x0000000000000000        0x0 arch/arm/mach-sunxi/pm/standby/./../mem_int.o
 .note.GNU-stack
                0x0000000000000000        0x0 arch/arm/mach-sunxi/pm/standby/./../mem_gpio.o
 .note.GNU-stack
                0x0000000000000000        0x0 arch/arm/mach-sunxi/pm/standby/./../mem_tmr.o
 .note.GNU-stack
                0x0000000000000000        0x0 arch/arm/mach-sunxi/pm/standby/./../mem_tmstmp.o
 .note.GNU-stack
                0x0000000000000000        0x0 arch/arm/mach-sunxi/pm/standby/./../mem_clk.o
 .note.GNU-stack
                0x0000000000000000        0x0 arch/arm/mach-sunxi/pm/standby/./arisc/standby_arisc.o
 .note.GNU-stack
                0x0000000000000000        0x0 arch/arm/mach-sunxi/pm/standby/./arisc/arisc_hwmsgbox.o
 .note.GNU-stack
                0x0000000000000000        0x0 arch/arm/mach-sunxi/pm/standby/./arisc/arisc_hwspinlock.o
 .note.GNU-stack
                0x0000000000000000        0x0 arch/arm/mach-sunxi/pm/standby/./arisc/arisc_message_manager.o
 .note.GNU-stack
                0x0000000000000000        0x0 arch/arm/mach-sunxi/pm/standby/./../mem_hwspinlock.o

.ARM.attributes
                0x0000000000000000       0x2f
 .ARM.attributes
                0x0000000000000000       0x31 arch/arm/mach-sunxi/pm/standby/standby.o
 .ARM.attributes
                0x0000000000000031       0x31 arch/arm/mach-sunxi/pm/standby/common.o
 .ARM.attributes
                0x0000000000000062       0x31 arch/arm/mach-sunxi/pm/standby/standby_clock.o
 .ARM.attributes
                0x0000000000000093       0x31 arch/arm/mach-sunxi/pm/standby/standby_ir.o
 .ARM.attributes
                0x00000000000000c4       0x31 arch/arm/mach-sunxi/pm/standby/standby_key.o
 .ARM.attributes
                0x00000000000000f5       0x31 arch/arm/mach-sunxi/pm/standby/axp209_power.o
 .ARM.attributes
                0x0000000000000126       0x31 arch/arm/mach-sunxi/pm/standby/standby_power.o
 .ARM.attributes
                0x0000000000000157       0x31 arch/arm/mach-sunxi/pm/standby/standby_twi.o
 .ARM.attributes
                0x0000000000000188       0x31 arch/arm/mach-sunxi/pm/standby/standby_usb.o
 .ARM.attributes
                0x00000000000001b9       0x1f arch/arm/mach-sunxi/pm/standby/standby_delay.o
 .ARM.attributes
                0x00000000000001d8       0x31 arch/arm/mach-sunxi/pm/standby/./../pm_debug.o
 .ARM.attributes
                0x0000000000000209       0x31 arch/arm/mach-sunxi/pm/standby/./../mem_timing.o
 .ARM.attributes
                0x000000000000023a       0x31 arch/arm/mach-sunxi/pm/standby/./../mem_mmu_pc.o
 .ARM.attributes
                0x000000000000026b       0x1f arch/arm/mach-sunxi/pm/standby/./../mem_mmu_pc_asm.o
 .ARM.attributes
                0x000000000000028a       0x31 arch/arm/mach-sunxi/pm/standby/./../mem_serial.o
 .ARM.attributes
                0x00000000000002bb       0x31 arch/arm/mach-sunxi/pm/standby/./../mem_printk.o
 .ARM.attributes
                0x00000000000002ec       0x1f arch/arm/mach-sunxi/pm/standby/./../mem_divlib.o
 .ARM.attributes
                0x000000000000030b       0x31 arch/arm/mach-sunxi/pm/standby/./../mem_divlibc.o
 .ARM.attributes
                0x000000000000033c       0x31 arch/arm/mach-sunxi/pm/standby/./../mem_int.o
 .ARM.attributes
                0x000000000000036d       0x31 arch/arm/mach-sunxi/pm/standby/./../mem_gpio.o
 .ARM.attributes
                0x000000000000039e       0x31 arch/arm/mach-sunxi/pm/standby/./../mem_tmr.o
 .ARM.attributes
                0x00000000000003cf       0x31 arch/arm/mach-sunxi/pm/standby/./../mem_tmstmp.o
 .ARM.attributes
                0x0000000000000400       0x31 arch/arm/mach-sunxi/pm/standby/./../mem_clk.o
 .ARM.attributes
                0x0000000000000431       0x31 arch/arm/mach-sunxi/pm/standby/./arisc/standby_arisc.o
 .ARM.attributes
                0x0000000000000462       0x31 arch/arm/mach-sunxi/pm/standby/./arisc/arisc_hwmsgbox.o
 .ARM.attributes
                0x0000000000000493       0x31 arch/arm/mach-sunxi/pm/standby/./arisc/arisc_hwspinlock.o
 .ARM.attributes
                0x00000000000004c4       0x31 arch/arm/mach-sunxi/pm/standby/./arisc/arisc_message_manager.o
 .ARM.attributes
                0x00000000000004f5       0x31 arch/arm/mach-sunxi/pm/standby/./../mem_hwspinlock.o

.debug_frame    0x0000000000000000      0xbf4
 .debug_frame   0x0000000000000000       0x34 arch/arm/mach-sunxi/pm/standby/standby.o
 .debug_frame   0x0000000000000034       0x20 arch/arm/mach-sunxi/pm/standby/common.o
 .debug_frame   0x0000000000000054       0x60 arch/arm/mach-sunxi/pm/standby/standby_clock.o
 .debug_frame   0x00000000000000b4       0x50 arch/arm/mach-sunxi/pm/standby/standby_ir.o
 .debug_frame   0x0000000000000104       0x4c arch/arm/mach-sunxi/pm/standby/standby_key.o
 .debug_frame   0x0000000000000150       0xa8 arch/arm/mach-sunxi/pm/standby/axp209_power.o
 .debug_frame   0x00000000000001f8       0x4c arch/arm/mach-sunxi/pm/standby/standby_power.o
 .debug_frame   0x0000000000000244       0x50 arch/arm/mach-sunxi/pm/standby/standby_twi.o
 .debug_frame   0x0000000000000294       0x50 arch/arm/mach-sunxi/pm/standby/standby_usb.o
 .debug_frame   0x00000000000002e4      0x148 arch/arm/mach-sunxi/pm/standby/./../pm_debug.o
 .debug_frame   0x000000000000042c       0xe0 arch/arm/mach-sunxi/pm/standby/./../mem_timing.o
 .debug_frame   0x000000000000050c       0x40 arch/arm/mach-sunxi/pm/standby/./../mem_mmu_pc.o
 .debug_frame   0x000000000000054c       0xec arch/arm/mach-sunxi/pm/standby/./../mem_serial.o
 .debug_frame   0x0000000000000638      0x12c arch/arm/mach-sunxi/pm/standby/./../mem_printk.o
 .debug_frame   0x0000000000000764       0x30 arch/arm/mach-sunxi/pm/standby/./../mem_divlibc.o
 .debug_frame   0x0000000000000794       0x64 arch/arm/mach-sunxi/pm/standby/./../mem_int.o
 .debug_frame   0x00000000000007f8       0x30 arch/arm/mach-sunxi/pm/standby/./../mem_gpio.o
 .debug_frame   0x0000000000000828       0x88 arch/arm/mach-sunxi/pm/standby/./../mem_tmr.o
 .debug_frame   0x00000000000008b0      0x100 arch/arm/mach-sunxi/pm/standby/./../mem_clk.o
 .debug_frame   0x00000000000009b0       0xac arch/arm/mach-sunxi/pm/standby/./arisc/standby_arisc.o
 .debug_frame   0x0000000000000a5c       0xe0 arch/arm/mach-sunxi/pm/standby/./arisc/arisc_hwmsgbox.o
 .debug_frame   0x0000000000000b3c       0x50 arch/arm/mach-sunxi/pm/standby/./arisc/arisc_hwspinlock.o
 .debug_frame   0x0000000000000b8c       0x68 arch/arm/mach-sunxi/pm/standby/./arisc/arisc_message_manager.o
